2024-12-23 14:28:48,952 Headers: Host: lb-webserver.pro
X-Real-Ip: 172.31.13.204
X-Forwarded-For: 172.31.13.204
X-Forwarded-Proto: https
Connection: close
Content-Length: 72
User-Agent: python-requests/2.32.3
Accept-Encoding: gzip, deflate
Accept: */*
Content-Type: application/json
Authorization: Basic YWRtaW46c2VjdXJlcGFzc3dvcmQxMjM=


2024-12-23 14:28:48,952 Body: b'{"Feature_1": 1.0, "Feature_2": 1.0, "Feature_3": 1.0, "Feature_4": 1.0}'
2024-12-23 14:28:48,952 Auth attempt with username=admin and password=securepassword123
2024-12-23 14:28:48,952 Failed auth attempt with username=admin
2024-12-23 14:29:48,951 Headers: Host: lb-webserver.pro
X-Real-Ip: 172.31.13.204
X-Forwarded-For: 172.31.13.204
X-Forwarded-Proto: https
Connection: close
User-Agent: python-requests/2.32.3
Accept-Encoding: gzip, deflate
Accept: */*
Authorization: Basic YWRtaW46c2VjdXJlcGFzc3dvcmQxMjM=


2024-12-23 14:29:48,952 Body: b''
2024-12-23 14:29:55,262 Headers: Host: lb-webserver.pro
X-Real-Ip: 172.31.13.204
X-Forwarded-For: 172.31.13.204
X-Forwarded-Proto: https
Connection: close
Content-Length: 72
User-Agent: python-requests/2.32.3
Accept-Encoding: gzip, deflate
Accept: */*
Content-Type: application/json
Authorization: Basic YWRtaW46c2VjdXJlcGFzc3dvcmQxMjM=


2024-12-23 14:29:55,262 Body: b'{"Feature_1": 1.0, "Feature_2": 1.0, "Feature_3": 1.0, "Feature_4": 1.0}'
2024-12-23 14:29:55,262 Auth attempt with username=admin and password=securepassword123
2024-12-23 14:29:55,262 Failed auth attempt with username=admin
2024-12-23 14:36:15,731 Headers: Host: lb-webserver.pro
X-Real-Ip: 172.31.13.204
X-Forwarded-For: 172.31.13.204
X-Forwarded-Proto: https
Connection: close
Content-Length: 72
User-Agent: python-requests/2.32.3
Accept-Encoding: gzip, deflate
Accept: */*
Content-Type: application/json
Authorization: Basic YWRtaW46c2VjdXJlcGFzc3dvcmQxMjM=


2024-12-23 14:36:15,732 Body: b'{"Feature_1": 1.0, "Feature_2": 1.0, "Feature_3": 1.0, "Feature_4": 1.0}'
2024-12-23 14:36:15,732 Auth attempt with username=admin and password=securepassword123
2024-12-23 14:36:15,732 Authentication successful
2024-12-23 14:36:15,740 Prediction result: {'model_name': 'random_forest_model', 'score': np.float64(0.99)}
2024-12-23 14:36:57,499 Headers: Host: lb-webserver.pro
X-Real-Ip: 172.31.13.204
X-Forwarded-For: 172.31.13.204
X-Forwarded-Proto: https
Connection: close
Cache-Control: max-age=0
Sec-Ch-Ua: "Google Chrome";v="131", "Chromium";v="131", "Not_A Brand";v="24"
Sec-Ch-Ua-Mobile: ?0
Sec-Ch-Ua-Platform: "macOS"
Upgrade-Insecure-Requests: 1
User-Agent: Mozilla/5.0 (Macintosh; Intel Mac OS X 10_15_7) AppleWebKit/537.36 (KHTML, like Gecko) Chrome/131.0.0.0 Safari/537.36
Accept: text/html,application/xhtml+xml,application/xml;q=0.9,image/avif,image/webp,image/apng,*/*;q=0.8,application/signed-exchange;v=b3;q=0.7
Sec-Fetch-Site: none
Sec-Fetch-Mode: navigate
Sec-Fetch-User: ?1
Sec-Fetch-Dest: document
Accept-Encoding: gzip, deflate, br, zstd
Accept-Language: en-US,en;q=0.9
Cookie: ajs_anonymous_id=4428d46c-277a-4365-b20d-97e742f8a1ce; JSESSIONID.9a3c348c=node01xhv8re2ev86z1x7vs3wi0ibs62.node0; jenkins-timestamper-offset=-3600000; remember-me=bHVjYXMtZGV2ZWxvcGVyOjE3MzU3NTI0MTIzNTc6ZmMxODRkODhiZWVmNmJlZjcxNTljODg4NmM0MTQ4MGNkODE4ZDBlNTkwMjRkMzFmOWU2NmQ0NTExYzVmYTk1ZQ; JSESSIONID.fb8fb7b5=node011hv47jxvfc3l18eapo8tqe9bo6.node0; JSESSIONID.b484b17a=node01vdqpl8rm9od6qsl0whae64mk3.node0; JSESSIONID.a6a810ed=node01ho7oqraqdjhj5a8xli8dsawq1.node0; JSESSIONID.2423ac0c=node07237kv2v9niw1retf302f9jk92.node0; screenResolution=1920x1080; JSESSIONID.81ab6b73=node01tc2577685235z2jy5cf0bhtp1.node0; JSESSIONID.170e45d8=node01wzybkqhjpfwj1a7vx05a0k9mx0.node0; JSESSIONID.0afdc25c=node0st5wrrmpqdy2r68libzwp9o41.node0; _streamlit_xsrf=2|af08d6d9|a230f2b7823538109b3b80bbcf39a5a7|1734964571


2024-12-23 14:36:57,499 Body: b''
2024-12-23 14:37:28,481 Headers: Host: lb-webserver.pro
X-Real-Ip: 172.31.13.204
X-Forwarded-For: 172.31.13.204
X-Forwarded-Proto: https
Connection: close
Content-Length: 72
User-Agent: python-requests/2.32.3
Accept-Encoding: gzip, deflate
Accept: */*
Content-Type: application/json
Authorization: Basic YWRtaW46c2VjdXJlcGFzc3dvcmQxMjM=


2024-12-23 14:37:28,481 Body: b'{"Feature_1": 2.0, "Feature_2": 2.0, "Feature_3": 2.0, "Feature_4": 2.0}'
2024-12-23 14:37:28,481 Auth attempt with username=admin and password=securepassword123
2024-12-23 14:37:28,481 Authentication successful
2024-12-23 14:37:28,488 Prediction result: {'model_name': 'random_forest_model', 'score': np.float64(0.77)}
2024-12-23 14:37:57,746 Headers: Host: lb-webserver.pro
X-Real-Ip: 172.31.13.204
X-Forwarded-For: 172.31.13.204
X-Forwarded-Proto: https
Connection: close
User-Agent: python-requests/2.32.3
Accept-Encoding: gzip, deflate
Accept: */*
Authorization: Basic YWRtaW46c2VjdXJlcGFzc3dvcmQxMjM=


2024-12-23 14:37:57,747 Body: b''
2024-12-23 14:38:03,293 Headers: Host: lb-webserver.pro
X-Real-Ip: 172.31.13.204
X-Forwarded-For: 172.31.13.204
X-Forwarded-Proto: https
Connection: close
Content-Length: 72
User-Agent: python-requests/2.32.3
Accept-Encoding: gzip, deflate
Accept: */*
Content-Type: application/json
Authorization: Basic YWRtaW46c2VjdXJlcGFzc3dvcmQxMjM=


2024-12-23 14:38:03,293 Body: b'{"Feature_1": 1.0, "Feature_2": 1.0, "Feature_3": 1.0, "Feature_4": 1.0}'
2024-12-23 14:38:03,294 Auth attempt with username=admin and password=securepassword123
2024-12-23 14:38:03,294 Authentication successful
2024-12-23 14:38:03,300 Prediction result: {'model_name': 'random_forest_model', 'score': np.float64(0.99)}
2024-12-23 14:38:05,160 Headers: Host: lb-webserver.pro
X-Real-Ip: 172.31.13.204
X-Forwarded-For: 172.31.13.204
X-Forwarded-Proto: https
Connection: close
Content-Length: 72
User-Agent: python-requests/2.32.3
Accept-Encoding: gzip, deflate
Accept: */*
Content-Type: application/json
Authorization: Basic YWRtaW46c2VjdXJlcGFzc3dvcmQxMjM=


2024-12-23 14:38:05,160 Body: b'{"Feature_1": 2.0, "Feature_2": 2.0, "Feature_3": 2.0, "Feature_4": 2.0}'
2024-12-23 14:38:05,160 Auth attempt with username=admin and password=securepassword123
2024-12-23 14:38:05,160 Authentication successful
2024-12-23 14:38:05,168 Prediction result: {'model_name': 'random_forest_model', 'score': np.float64(0.77)}
2024-12-23 14:38:27,113 Headers: Host: lb-webserver.pro
X-Real-Ip: 172.31.13.204
X-Forwarded-For: 172.31.13.204
X-Forwarded-Proto: https
Connection: close
Cache-Control: max-age=0
Sec-Ch-Ua: "Google Chrome";v="131", "Chromium";v="131", "Not_A Brand";v="24"
Sec-Ch-Ua-Mobile: ?0
Sec-Ch-Ua-Platform: "macOS"
Upgrade-Insecure-Requests: 1
User-Agent: Mozilla/5.0 (Macintosh; Intel Mac OS X 10_15_7) AppleWebKit/537.36 (KHTML, like Gecko) Chrome/131.0.0.0 Safari/537.36
Accept: text/html,application/xhtml+xml,application/xml;q=0.9,image/avif,image/webp,image/apng,*/*;q=0.8,application/signed-exchange;v=b3;q=0.7
Sec-Fetch-Site: none
Sec-Fetch-Mode: navigate
Sec-Fetch-User: ?1
Sec-Fetch-Dest: document
Accept-Encoding: gzip, deflate, br, zstd
Accept-Language: en-US,en;q=0.9
Cookie: ajs_anonymous_id=4428d46c-277a-4365-b20d-97e742f8a1ce; JSESSIONID.9a3c348c=node01xhv8re2ev86z1x7vs3wi0ibs62.node0; jenkins-timestamper-offset=-3600000; remember-me=bHVjYXMtZGV2ZWxvcGVyOjE3MzU3NTI0MTIzNTc6ZmMxODRkODhiZWVmNmJlZjcxNTljODg4NmM0MTQ4MGNkODE4ZDBlNTkwMjRkMzFmOWU2NmQ0NTExYzVmYTk1ZQ; JSESSIONID.fb8fb7b5=node011hv47jxvfc3l18eapo8tqe9bo6.node0; JSESSIONID.b484b17a=node01vdqpl8rm9od6qsl0whae64mk3.node0; JSESSIONID.a6a810ed=node01ho7oqraqdjhj5a8xli8dsawq1.node0; JSESSIONID.2423ac0c=node07237kv2v9niw1retf302f9jk92.node0; screenResolution=1920x1080; JSESSIONID.81ab6b73=node01tc2577685235z2jy5cf0bhtp1.node0; JSESSIONID.170e45d8=node01wzybkqhjpfwj1a7vx05a0k9mx0.node0; JSESSIONID.0afdc25c=node0st5wrrmpqdy2r68libzwp9o41.node0; _streamlit_xsrf=2|a335911e|4ede5c63c2d521de6f8ef0c14234fe3c|1734964696; JSESSIONID.d3f08a1e=node0jxofd3mvh7criqfbmlc0idqf0.node0


2024-12-23 14:38:27,113 Body: b''
2024-12-23 14:42:13,302 Headers: Host: lb-webserver.pro
X-Real-Ip: 172.31.13.204
X-Forwarded-For: 172.31.13.204
X-Forwarded-Proto: https
Connection: close
Cache-Control: max-age=0
Sec-Ch-Ua: "Google Chrome";v="131", "Chromium";v="131", "Not_A Brand";v="24"
Sec-Ch-Ua-Mobile: ?0
Sec-Ch-Ua-Platform: "macOS"
Upgrade-Insecure-Requests: 1
User-Agent: Mozilla/5.0 (Macintosh; Intel Mac OS X 10_15_7) AppleWebKit/537.36 (KHTML, like Gecko) Chrome/131.0.0.0 Safari/537.36
Accept: text/html,application/xhtml+xml,application/xml;q=0.9,image/avif,image/webp,image/apng,*/*;q=0.8,application/signed-exchange;v=b3;q=0.7
Sec-Fetch-Site: none
Sec-Fetch-Mode: navigate
Sec-Fetch-User: ?1
Sec-Fetch-Dest: document
Accept-Encoding: gzip, deflate, br, zstd
Accept-Language: en-US,en;q=0.9
Cookie: ajs_anonymous_id=4428d46c-277a-4365-b20d-97e742f8a1ce; JSESSIONID.9a3c348c=node01xhv8re2ev86z1x7vs3wi0ibs62.node0; jenkins-timestamper-offset=-3600000; remember-me=bHVjYXMtZGV2ZWxvcGVyOjE3MzU3NTI0MTIzNTc6ZmMxODRkODhiZWVmNmJlZjcxNTljODg4NmM0MTQ4MGNkODE4ZDBlNTkwMjRkMzFmOWU2NmQ0NTExYzVmYTk1ZQ; JSESSIONID.fb8fb7b5=node011hv47jxvfc3l18eapo8tqe9bo6.node0; JSESSIONID.b484b17a=node01vdqpl8rm9od6qsl0whae64mk3.node0; JSESSIONID.a6a810ed=node01ho7oqraqdjhj5a8xli8dsawq1.node0; JSESSIONID.2423ac0c=node07237kv2v9niw1retf302f9jk92.node0; screenResolution=1920x1080; JSESSIONID.81ab6b73=node01tc2577685235z2jy5cf0bhtp1.node0; JSESSIONID.170e45d8=node01wzybkqhjpfwj1a7vx05a0k9mx0.node0; JSESSIONID.0afdc25c=node0st5wrrmpqdy2r68libzwp9o41.node0; _streamlit_xsrf=2|a335911e|4ede5c63c2d521de6f8ef0c14234fe3c|1734964696; JSESSIONID.d3f08a1e=node0jxofd3mvh7criqfbmlc0idqf0.node0


2024-12-23 14:42:13,302 Body: b''
2024-12-23 14:47:31,885 Headers: Host: lb-webserver.pro
X-Real-Ip: 172.31.13.204
X-Forwarded-For: 172.31.13.204
X-Forwarded-Proto: https
Connection: close
Cache-Control: max-age=0
Sec-Ch-Ua: "Google Chrome";v="131", "Chromium";v="131", "Not_A Brand";v="24"
Sec-Ch-Ua-Mobile: ?0
Sec-Ch-Ua-Platform: "macOS"
Upgrade-Insecure-Requests: 1
User-Agent: Mozilla/5.0 (Macintosh; Intel Mac OS X 10_15_7) AppleWebKit/537.36 (KHTML, like Gecko) Chrome/131.0.0.0 Safari/537.36
Accept: text/html,application/xhtml+xml,application/xml;q=0.9,image/avif,image/webp,image/apng,*/*;q=0.8,application/signed-exchange;v=b3;q=0.7
Sec-Fetch-Site: none
Sec-Fetch-Mode: navigate
Sec-Fetch-User: ?1
Sec-Fetch-Dest: document
Accept-Encoding: gzip, deflate, br, zstd
Accept-Language: en-US,en;q=0.9
Cookie: ajs_anonymous_id=4428d46c-277a-4365-b20d-97e742f8a1ce; JSESSIONID.9a3c348c=node01xhv8re2ev86z1x7vs3wi0ibs62.node0; jenkins-timestamper-offset=-3600000; remember-me=bHVjYXMtZGV2ZWxvcGVyOjE3MzU3NTI0MTIzNTc6ZmMxODRkODhiZWVmNmJlZjcxNTljODg4NmM0MTQ4MGNkODE4ZDBlNTkwMjRkMzFmOWU2NmQ0NTExYzVmYTk1ZQ; JSESSIONID.fb8fb7b5=node011hv47jxvfc3l18eapo8tqe9bo6.node0; JSESSIONID.b484b17a=node01vdqpl8rm9od6qsl0whae64mk3.node0; JSESSIONID.a6a810ed=node01ho7oqraqdjhj5a8xli8dsawq1.node0; JSESSIONID.2423ac0c=node07237kv2v9niw1retf302f9jk92.node0; screenResolution=1920x1080; JSESSIONID.81ab6b73=node01tc2577685235z2jy5cf0bhtp1.node0; JSESSIONID.170e45d8=node01wzybkqhjpfwj1a7vx05a0k9mx0.node0; JSESSIONID.0afdc25c=node0st5wrrmpqdy2r68libzwp9o41.node0; JSESSIONID.d3f08a1e=node0jxofd3mvh7criqfbmlc0idqf0.node0


2024-12-23 14:47:31,885 Body: b''
2024-12-23 14:48:30,125 Headers: Host: lb-webserver.pro
X-Real-Ip: 172.31.13.204
X-Forwarded-For: 172.31.13.204
X-Forwarded-Proto: https
Connection: close
Cache-Control: max-age=0
Sec-Ch-Ua: "Google Chrome";v="131", "Chromium";v="131", "Not_A Brand";v="24"
Sec-Ch-Ua-Mobile: ?0
Sec-Ch-Ua-Platform: "macOS"
Upgrade-Insecure-Requests: 1
User-Agent: Mozilla/5.0 (Macintosh; Intel Mac OS X 10_15_7) AppleWebKit/537.36 (KHTML, like Gecko) Chrome/131.0.0.0 Safari/537.36
Accept: text/html,application/xhtml+xml,application/xml;q=0.9,image/avif,image/webp,image/apng,*/*;q=0.8,application/signed-exchange;v=b3;q=0.7
Sec-Fetch-Site: none
Sec-Fetch-Mode: navigate
Sec-Fetch-User: ?1
Sec-Fetch-Dest: document
Accept-Encoding: gzip, deflate, br, zstd
Accept-Language: en-US,en;q=0.9
Cookie: ajs_anonymous_id=4428d46c-277a-4365-b20d-97e742f8a1ce; JSESSIONID.9a3c348c=node01xhv8re2ev86z1x7vs3wi0ibs62.node0; jenkins-timestamper-offset=-3600000; remember-me=bHVjYXMtZGV2ZWxvcGVyOjE3MzU3NTI0MTIzNTc6ZmMxODRkODhiZWVmNmJlZjcxNTljODg4NmM0MTQ4MGNkODE4ZDBlNTkwMjRkMzFmOWU2NmQ0NTExYzVmYTk1ZQ; JSESSIONID.fb8fb7b5=node011hv47jxvfc3l18eapo8tqe9bo6.node0; JSESSIONID.b484b17a=node01vdqpl8rm9od6qsl0whae64mk3.node0; JSESSIONID.a6a810ed=node01ho7oqraqdjhj5a8xli8dsawq1.node0; JSESSIONID.2423ac0c=node07237kv2v9niw1retf302f9jk92.node0; screenResolution=1920x1080; JSESSIONID.81ab6b73=node01tc2577685235z2jy5cf0bhtp1.node0; JSESSIONID.170e45d8=node01wzybkqhjpfwj1a7vx05a0k9mx0.node0; JSESSIONID.0afdc25c=node0st5wrrmpqdy2r68libzwp9o41.node0; JSESSIONID.d3f08a1e=node0jxofd3mvh7criqfbmlc0idqf0.node0; _streamlit_xsrf=2|58fd97a8|214307e3e07b7edba7a7dd8c21e0235c|1734965300; JSESSIONID.95fe4515=node02s2i6nanc5v9jz5smyo2ono01.node0


2024-12-23 14:48:30,125 Body: b''
2024-12-23 14:48:40,546 Headers: Host: lb-webserver.pro
X-Real-Ip: 172.31.13.204
X-Forwarded-For: 172.31.13.204
X-Forwarded-Proto: https
Connection: close
Content-Length: 72
User-Agent: python-requests/2.32.3
Accept-Encoding: gzip, deflate
Accept: */*
Content-Type: application/json
Authorization: Basic YWRtaW46c2VjdXJlcGFzc3dvcmQxMjM=


2024-12-23 14:48:40,546 Body: b'{"Feature_1": 1.0, "Feature_2": 1.0, "Feature_3": 1.0, "Feature_4": 1.0}'
2024-12-23 14:48:40,546 Auth attempt with username=admin and password=securepassword123
2024-12-23 14:48:40,546 Authentication successful
2024-12-23 14:48:40,554 Prediction result: {'model_name': 'random_forest_model', 'score': np.float64(0.99)}
2024-12-23 14:48:45,118 Headers: Host: lb-webserver.pro
X-Real-Ip: 172.31.13.204
X-Forwarded-For: 172.31.13.204
X-Forwarded-Proto: https
Connection: close
Content-Length: 72
User-Agent: python-requests/2.32.3
Accept-Encoding: gzip, deflate
Accept: */*
Content-Type: application/json
Authorization: Basic YWRtaW46c2VjdXJlcGFzc3dvcmQxMjM=


2024-12-23 14:48:45,118 Body: b'{"Feature_1": 2.0, "Feature_2": 2.0, "Feature_3": 2.0, "Feature_4": 2.0}'
2024-12-23 14:48:45,118 Auth attempt with username=admin and password=securepassword123
2024-12-23 14:48:45,118 Authentication successful
2024-12-23 14:48:45,126 Prediction result: {'model_name': 'random_forest_model', 'score': np.float64(0.77)}
2024-12-23 15:02:51,599 Headers: Host: lb-webserver.pro
X-Real-Ip: 172.31.13.204
X-Forwarded-For: 172.31.13.204
X-Forwarded-Proto: https
Connection: close
Cache-Control: max-age=0
Sec-Ch-Ua: "Google Chrome";v="131", "Chromium";v="131", "Not_A Brand";v="24"
Sec-Ch-Ua-Mobile: ?0
Sec-Ch-Ua-Platform: "macOS"
Upgrade-Insecure-Requests: 1
User-Agent: Mozilla/5.0 (Macintosh; Intel Mac OS X 10_15_7) AppleWebKit/537.36 (KHTML, like Gecko) Chrome/131.0.0.0 Safari/537.36
Accept: text/html,application/xhtml+xml,application/xml;q=0.9,image/avif,image/webp,image/apng,*/*;q=0.8,application/signed-exchange;v=b3;q=0.7
Sec-Fetch-Site: none
Sec-Fetch-Mode: navigate
Sec-Fetch-User: ?1
Sec-Fetch-Dest: document
Accept-Encoding: gzip, deflate, br, zstd
Accept-Language: en-US,en;q=0.9
Cookie: ajs_anonymous_id=4428d46c-277a-4365-b20d-97e742f8a1ce; JSESSIONID.9a3c348c=node01xhv8re2ev86z1x7vs3wi0ibs62.node0; jenkins-timestamper-offset=-3600000; remember-me=bHVjYXMtZGV2ZWxvcGVyOjE3MzU3NTI0MTIzNTc6ZmMxODRkODhiZWVmNmJlZjcxNTljODg4NmM0MTQ4MGNkODE4ZDBlNTkwMjRkMzFmOWU2NmQ0NTExYzVmYTk1ZQ; JSESSIONID.fb8fb7b5=node011hv47jxvfc3l18eapo8tqe9bo6.node0; JSESSIONID.b484b17a=node01vdqpl8rm9od6qsl0whae64mk3.node0; JSESSIONID.a6a810ed=node01ho7oqraqdjhj5a8xli8dsawq1.node0; JSESSIONID.2423ac0c=node07237kv2v9niw1retf302f9jk92.node0; screenResolution=1920x1080; JSESSIONID.81ab6b73=node01tc2577685235z2jy5cf0bhtp1.node0; JSESSIONID.170e45d8=node01wzybkqhjpfwj1a7vx05a0k9mx0.node0; JSESSIONID.0afdc25c=node0st5wrrmpqdy2r68libzwp9o41.node0; JSESSIONID.d3f08a1e=node0jxofd3mvh7criqfbmlc0idqf0.node0; JSESSIONID.95fe4515=node02s2i6nanc5v9jz5smyo2ono01.node0


2024-12-23 15:02:51,599 Body: b''
2024-12-23 15:07:57,792 Headers: Host: lb-webserver.pro
X-Real-Ip: 172.31.13.204
X-Forwarded-For: 172.31.13.204
X-Forwarded-Proto: https
Connection: close
Cache-Control: max-age=0
Sec-Ch-Ua: "Google Chrome";v="131", "Chromium";v="131", "Not_A Brand";v="24"
Sec-Ch-Ua-Mobile: ?0
Sec-Ch-Ua-Platform: "macOS"
Upgrade-Insecure-Requests: 1
User-Agent: Mozilla/5.0 (Macintosh; Intel Mac OS X 10_15_7) AppleWebKit/537.36 (KHTML, like Gecko) Chrome/131.0.0.0 Safari/537.36
Accept: text/html,application/xhtml+xml,application/xml;q=0.9,image/avif,image/webp,image/apng,*/*;q=0.8,application/signed-exchange;v=b3;q=0.7
Sec-Fetch-Site: none
Sec-Fetch-Mode: navigate
Sec-Fetch-User: ?1
Sec-Fetch-Dest: document
Accept-Encoding: gzip, deflate, br, zstd
Accept-Language: en-US,en;q=0.9
Cookie: ajs_anonymous_id=4428d46c-277a-4365-b20d-97e742f8a1ce; JSESSIONID.9a3c348c=node01xhv8re2ev86z1x7vs3wi0ibs62.node0; jenkins-timestamper-offset=-3600000; remember-me=bHVjYXMtZGV2ZWxvcGVyOjE3MzU3NTI0MTIzNTc6ZmMxODRkODhiZWVmNmJlZjcxNTljODg4NmM0MTQ4MGNkODE4ZDBlNTkwMjRkMzFmOWU2NmQ0NTExYzVmYTk1ZQ; JSESSIONID.fb8fb7b5=node011hv47jxvfc3l18eapo8tqe9bo6.node0; JSESSIONID.b484b17a=node01vdqpl8rm9od6qsl0whae64mk3.node0; JSESSIONID.a6a810ed=node01ho7oqraqdjhj5a8xli8dsawq1.node0; JSESSIONID.2423ac0c=node07237kv2v9niw1retf302f9jk92.node0; screenResolution=1920x1080; JSESSIONID.81ab6b73=node01tc2577685235z2jy5cf0bhtp1.node0; JSESSIONID.170e45d8=node01wzybkqhjpfwj1a7vx05a0k9mx0.node0; JSESSIONID.0afdc25c=node0st5wrrmpqdy2r68libzwp9o41.node0; JSESSIONID.d3f08a1e=node0jxofd3mvh7criqfbmlc0idqf0.node0; JSESSIONID.95fe4515=node02s2i6nanc5v9jz5smyo2ono01.node0


2024-12-23 15:07:57,793 Body: b''
2024-12-23 15:12:51,512 Headers: Host: lb-webserver.pro
X-Real-Ip: 172.31.13.204
X-Forwarded-For: 172.31.13.204
X-Forwarded-Proto: https
Connection: close
Cache-Control: max-age=0
Sec-Ch-Ua: "Google Chrome";v="131", "Chromium";v="131", "Not_A Brand";v="24"
Sec-Ch-Ua-Mobile: ?0
Sec-Ch-Ua-Platform: "macOS"
Upgrade-Insecure-Requests: 1
User-Agent: Mozilla/5.0 (Macintosh; Intel Mac OS X 10_15_7) AppleWebKit/537.36 (KHTML, like Gecko) Chrome/131.0.0.0 Safari/537.36
Accept: text/html,application/xhtml+xml,application/xml;q=0.9,image/avif,image/webp,image/apng,*/*;q=0.8,application/signed-exchange;v=b3;q=0.7
Sec-Fetch-Site: none
Sec-Fetch-Mode: navigate
Sec-Fetch-User: ?1
Sec-Fetch-Dest: document
Accept-Encoding: gzip, deflate, br, zstd
Accept-Language: en-US,en;q=0.9
Cookie: ajs_anonymous_id=4428d46c-277a-4365-b20d-97e742f8a1ce; JSESSIONID.9a3c348c=node01xhv8re2ev86z1x7vs3wi0ibs62.node0; jenkins-timestamper-offset=-3600000; remember-me=bHVjYXMtZGV2ZWxvcGVyOjE3MzU3NTI0MTIzNTc6ZmMxODRkODhiZWVmNmJlZjcxNTljODg4NmM0MTQ4MGNkODE4ZDBlNTkwMjRkMzFmOWU2NmQ0NTExYzVmYTk1ZQ; JSESSIONID.fb8fb7b5=node011hv47jxvfc3l18eapo8tqe9bo6.node0; JSESSIONID.b484b17a=node01vdqpl8rm9od6qsl0whae64mk3.node0; JSESSIONID.a6a810ed=node01ho7oqraqdjhj5a8xli8dsawq1.node0; JSESSIONID.2423ac0c=node07237kv2v9niw1retf302f9jk92.node0; screenResolution=1920x1080; JSESSIONID.81ab6b73=node01tc2577685235z2jy5cf0bhtp1.node0; JSESSIONID.170e45d8=node01wzybkqhjpfwj1a7vx05a0k9mx0.node0; JSESSIONID.0afdc25c=node0st5wrrmpqdy2r68libzwp9o41.node0; JSESSIONID.d3f08a1e=node0jxofd3mvh7criqfbmlc0idqf0.node0; JSESSIONID.95fe4515=node02s2i6nanc5v9jz5smyo2ono01.node0; _streamlit_xsrf=2|cec382fb|09a2abee22044c411c20997fba54bc95|1734966770


2024-12-23 15:12:51,513 Body: b''
2024-12-23 15:55:29,701 Headers: Host: lb-webserver.pro
X-Real-Ip: 172.31.13.204
X-Forwarded-For: 172.31.13.204
X-Forwarded-Proto: https
Connection: close
User-Agent: python-requests/2.32.3
Accept-Encoding: gzip, deflate
Accept: */*
Authorization: Basic YWRtaW46c2VjdXJlcGFzc3dvcmQxMjM=


2024-12-23 15:55:29,702 Body: b''
2024-12-23 15:55:40,102 Headers: Host: lb-webserver.pro
X-Real-Ip: 172.31.13.204
X-Forwarded-For: 172.31.13.204
X-Forwarded-Proto: https
Connection: close
User-Agent: python-requests/2.32.3
Accept-Encoding: gzip, deflate
Accept: */*
Authorization: Basic YWRtaW46c2VjdXJlcGFzc3dvcmQxMjM=


2024-12-23 15:55:40,102 Body: b''
2024-12-23 16:02:36,174 Headers: Host: lb-webserver.pro
X-Real-Ip: 172.31.13.204
X-Forwarded-For: 172.31.13.204
X-Forwarded-Proto: https
Connection: close
Cache-Control: max-age=0
Sec-Ch-Ua: "Google Chrome";v="131", "Chromium";v="131", "Not_A Brand";v="24"
Sec-Ch-Ua-Mobile: ?0
Sec-Ch-Ua-Platform: "macOS"
Upgrade-Insecure-Requests: 1
User-Agent: Mozilla/5.0 (Macintosh; Intel Mac OS X 10_15_7) AppleWebKit/537.36 (KHTML, like Gecko) Chrome/131.0.0.0 Safari/537.36
Accept: text/html,application/xhtml+xml,application/xml;q=0.9,image/avif,image/webp,image/apng,*/*;q=0.8,application/signed-exchange;v=b3;q=0.7
Sec-Fetch-Site: none
Sec-Fetch-Mode: navigate
Sec-Fetch-User: ?1
Sec-Fetch-Dest: document
Accept-Encoding: gzip, deflate, br, zstd
Accept-Language: en-US,en;q=0.9
Cookie: ajs_anonymous_id=4428d46c-277a-4365-b20d-97e742f8a1ce; JSESSIONID.9a3c348c=node01xhv8re2ev86z1x7vs3wi0ibs62.node0; jenkins-timestamper-offset=-3600000; remember-me=bHVjYXMtZGV2ZWxvcGVyOjE3MzU3NTI0MTIzNTc6ZmMxODRkODhiZWVmNmJlZjcxNTljODg4NmM0MTQ4MGNkODE4ZDBlNTkwMjRkMzFmOWU2NmQ0NTExYzVmYTk1ZQ; JSESSIONID.fb8fb7b5=node011hv47jxvfc3l18eapo8tqe9bo6.node0; JSESSIONID.b484b17a=node01vdqpl8rm9od6qsl0whae64mk3.node0; JSESSIONID.a6a810ed=node01ho7oqraqdjhj5a8xli8dsawq1.node0; JSESSIONID.2423ac0c=node07237kv2v9niw1retf302f9jk92.node0; screenResolution=1920x1080; JSESSIONID.81ab6b73=node01tc2577685235z2jy5cf0bhtp1.node0; JSESSIONID.170e45d8=node01wzybkqhjpfwj1a7vx05a0k9mx0.node0; JSESSIONID.0afdc25c=node0st5wrrmpqdy2r68libzwp9o41.node0; JSESSIONID.d3f08a1e=node0jxofd3mvh7criqfbmlc0idqf0.node0; JSESSIONID.95fe4515=node02s2i6nanc5v9jz5smyo2ono01.node0; JSESSIONID.e81e20ed=node0dm2fe9jtox3xnwsmb21c5tc51.node0


2024-12-23 16:02:36,176 Body: b''
2024-12-23 16:10:58,776 Headers: Host: lb-webserver.pro
X-Real-Ip: 172.31.13.204
X-Forwarded-For: 172.31.13.204
X-Forwarded-Proto: https
Connection: close
Cache-Control: max-age=0
Sec-Ch-Ua: "Google Chrome";v="131", "Chromium";v="131", "Not_A Brand";v="24"
Sec-Ch-Ua-Mobile: ?0
Sec-Ch-Ua-Platform: "macOS"
Upgrade-Insecure-Requests: 1
User-Agent: Mozilla/5.0 (Macintosh; Intel Mac OS X 10_15_7) AppleWebKit/537.36 (KHTML, like Gecko) Chrome/131.0.0.0 Safari/537.36
Accept: text/html,application/xhtml+xml,application/xml;q=0.9,image/avif,image/webp,image/apng,*/*;q=0.8,application/signed-exchange;v=b3;q=0.7
Sec-Fetch-Site: none
Sec-Fetch-Mode: navigate
Sec-Fetch-User: ?1
Sec-Fetch-Dest: document
Accept-Encoding: gzip, deflate, br, zstd
Accept-Language: en-US,en;q=0.9
Cookie: ajs_anonymous_id=4428d46c-277a-4365-b20d-97e742f8a1ce; JSESSIONID.9a3c348c=node01xhv8re2ev86z1x7vs3wi0ibs62.node0; jenkins-timestamper-offset=-3600000; remember-me=bHVjYXMtZGV2ZWxvcGVyOjE3MzU3NTI0MTIzNTc6ZmMxODRkODhiZWVmNmJlZjcxNTljODg4NmM0MTQ4MGNkODE4ZDBlNTkwMjRkMzFmOWU2NmQ0NTExYzVmYTk1ZQ; JSESSIONID.fb8fb7b5=node011hv47jxvfc3l18eapo8tqe9bo6.node0; JSESSIONID.b484b17a=node01vdqpl8rm9od6qsl0whae64mk3.node0; JSESSIONID.a6a810ed=node01ho7oqraqdjhj5a8xli8dsawq1.node0; JSESSIONID.2423ac0c=node07237kv2v9niw1retf302f9jk92.node0; screenResolution=1920x1080; JSESSIONID.81ab6b73=node01tc2577685235z2jy5cf0bhtp1.node0; JSESSIONID.170e45d8=node01wzybkqhjpfwj1a7vx05a0k9mx0.node0; JSESSIONID.0afdc25c=node0st5wrrmpqdy2r68libzwp9o41.node0; JSESSIONID.d3f08a1e=node0jxofd3mvh7criqfbmlc0idqf0.node0; JSESSIONID.95fe4515=node02s2i6nanc5v9jz5smyo2ono01.node0; JSESSIONID.e81e20ed=node0dm2fe9jtox3xnwsmb21c5tc51.node0; _streamlit_xsrf=2|f8026e52|69d4901480c5cd28cfc930a55f00a337|1734969759


2024-12-23 16:10:58,776 Body: b''
2024-12-23 19:17:44,110 Headers: Host: lb-webserver.pro
X-Real-Ip: 172.31.13.204
X-Forwarded-For: 172.31.13.204
X-Forwarded-Proto: https
Connection: close
Cache-Control: max-age=0
Sec-Ch-Ua: "Google Chrome";v="131", "Chromium";v="131", "Not_A Brand";v="24"
Sec-Ch-Ua-Mobile: ?0
Sec-Ch-Ua-Platform: "macOS"
Upgrade-Insecure-Requests: 1
User-Agent: Mozilla/5.0 (Macintosh; Intel Mac OS X 10_15_7) AppleWebKit/537.36 (KHTML, like Gecko) Chrome/131.0.0.0 Safari/537.36
Accept: text/html,application/xhtml+xml,application/xml;q=0.9,image/avif,image/webp,image/apng,*/*;q=0.8,application/signed-exchange;v=b3;q=0.7
Sec-Fetch-Site: none
Sec-Fetch-Mode: navigate
Sec-Fetch-User: ?1
Sec-Fetch-Dest: document
Accept-Encoding: gzip, deflate, br, zstd
Accept-Language: en-US,en;q=0.9
Cookie: ajs_anonymous_id=4428d46c-277a-4365-b20d-97e742f8a1ce; JSESSIONID.9a3c348c=node01xhv8re2ev86z1x7vs3wi0ibs62.node0; jenkins-timestamper-offset=-3600000; remember-me=bHVjYXMtZGV2ZWxvcGVyOjE3MzU3NTI0MTIzNTc6ZmMxODRkODhiZWVmNmJlZjcxNTljODg4NmM0MTQ4MGNkODE4ZDBlNTkwMjRkMzFmOWU2NmQ0NTExYzVmYTk1ZQ; JSESSIONID.fb8fb7b5=node011hv47jxvfc3l18eapo8tqe9bo6.node0; JSESSIONID.b484b17a=node01vdqpl8rm9od6qsl0whae64mk3.node0; JSESSIONID.a6a810ed=node01ho7oqraqdjhj5a8xli8dsawq1.node0; JSESSIONID.2423ac0c=node07237kv2v9niw1retf302f9jk92.node0; screenResolution=1920x1080; JSESSIONID.81ab6b73=node01tc2577685235z2jy5cf0bhtp1.node0; JSESSIONID.170e45d8=node01wzybkqhjpfwj1a7vx05a0k9mx0.node0; JSESSIONID.0afdc25c=node0st5wrrmpqdy2r68libzwp9o41.node0; JSESSIONID.d3f08a1e=node0jxofd3mvh7criqfbmlc0idqf0.node0; JSESSIONID.95fe4515=node02s2i6nanc5v9jz5smyo2ono01.node0; JSESSIONID.e81e20ed=node0dm2fe9jtox3xnwsmb21c5tc51.node0; JSESSIONID.659e8bde=node01cche8hudnz5b6myagaze39l90.node0; _streamlit_xsrf=2|577fb40d|2ed8155367883399a546af89d0ee33c3|1734973639


2024-12-23 19:17:44,110 Body: b''
2024-12-28 12:40:52,892 Headers: Host: lb-webserver.pro
X-Real-Ip: 172.31.13.204
X-Forwarded-For: 172.31.13.204
X-Forwarded-Proto: https
Connection: close
Cache-Control: max-age=0
Sec-Ch-Ua: "Google Chrome";v="131", "Chromium";v="131", "Not_A Brand";v="24"
Sec-Ch-Ua-Mobile: ?0
Sec-Ch-Ua-Platform: "macOS"
Upgrade-Insecure-Requests: 1
User-Agent: Mozilla/5.0 (Macintosh; Intel Mac OS X 10_15_7) AppleWebKit/537.36 (KHTML, like Gecko) Chrome/131.0.0.0 Safari/537.36
Accept: text/html,application/xhtml+xml,application/xml;q=0.9,image/avif,image/webp,image/apng,*/*;q=0.8,application/signed-exchange;v=b3;q=0.7
Sec-Fetch-Site: none
Sec-Fetch-Mode: navigate
Sec-Fetch-User: ?1
Sec-Fetch-Dest: document
Accept-Encoding: gzip, deflate, br, zstd
Accept-Language: en-US,en;q=0.9
Cookie: ajs_anonymous_id=4428d46c-277a-4365-b20d-97e742f8a1ce; JSESSIONID.9a3c348c=node01xhv8re2ev86z1x7vs3wi0ibs62.node0; jenkins-timestamper-offset=-3600000; remember-me=bHVjYXMtZGV2ZWxvcGVyOjE3MzU3NTI0MTIzNTc6ZmMxODRkODhiZWVmNmJlZjcxNTljODg4NmM0MTQ4MGNkODE4ZDBlNTkwMjRkMzFmOWU2NmQ0NTExYzVmYTk1ZQ; JSESSIONID.fb8fb7b5=node011hv47jxvfc3l18eapo8tqe9bo6.node0; JSESSIONID.b484b17a=node01vdqpl8rm9od6qsl0whae64mk3.node0; JSESSIONID.a6a810ed=node01ho7oqraqdjhj5a8xli8dsawq1.node0; JSESSIONID.2423ac0c=node07237kv2v9niw1retf302f9jk92.node0; screenResolution=1920x1080; JSESSIONID.81ab6b73=node01tc2577685235z2jy5cf0bhtp1.node0; JSESSIONID.170e45d8=node01wzybkqhjpfwj1a7vx05a0k9mx0.node0; JSESSIONID.0afdc25c=node0st5wrrmpqdy2r68libzwp9o41.node0; JSESSIONID.d3f08a1e=node0jxofd3mvh7criqfbmlc0idqf0.node0; JSESSIONID.95fe4515=node02s2i6nanc5v9jz5smyo2ono01.node0; JSESSIONID.e81e20ed=node0dm2fe9jtox3xnwsmb21c5tc51.node0; JSESSIONID.659e8bde=node0ky8xzn1i8o779n3sa41491ea3.node0; _streamlit_xsrf=2|bdc95c2a|40a1e6b54c2497633935280d42181ea3|1735389647


2024-12-28 12:40:52,893 Body: b''
2025-01-03 18:40:56,033 Headers: Host: lb-webserver.pro
X-Real-Ip: 172.31.13.204
X-Forwarded-For: 172.31.13.204
X-Forwarded-Proto: https
Connection: close
Sec-Ch-Ua: "Google Chrome";v="131", "Chromium";v="131", "Not_A Brand";v="24"
Sec-Ch-Ua-Mobile: ?0
Sec-Ch-Ua-Platform: "macOS"
Upgrade-Insecure-Requests: 1
User-Agent: Mozilla/5.0 (Macintosh; Intel Mac OS X 10_15_7) AppleWebKit/537.36 (KHTML, like Gecko) Chrome/131.0.0.0 Safari/537.36
Accept: text/html,application/xhtml+xml,application/xml;q=0.9,image/avif,image/webp,image/apng,*/*;q=0.8,application/signed-exchange;v=b3;q=0.7
Sec-Fetch-Site: none
Sec-Fetch-Mode: navigate
Sec-Fetch-User: ?1
Sec-Fetch-Dest: document
Accept-Encoding: gzip, deflate, br, zstd
Accept-Language: en-US,en;q=0.9


2025-01-03 18:40:56,035 Body: b''
2025-01-05 09:10:23,487 Headers: Host: lb-webserver.pro
X-Real-Ip: 172.31.13.204
X-Forwarded-For: 172.31.13.204
X-Forwarded-Proto: https
Connection: close
Sec-Ch-Ua: "Google Chrome";v="131", "Chromium";v="131", "Not_A Brand";v="24"
Sec-Ch-Ua-Mobile: ?0
Sec-Ch-Ua-Platform: "macOS"
Upgrade-Insecure-Requests: 1
User-Agent: Mozilla/5.0 (Macintosh; Intel Mac OS X 10_15_7) AppleWebKit/537.36 (KHTML, like Gecko) Chrome/131.0.0.0 Safari/537.36
Sec-Purpose: prefetch;prerender
Purpose: prefetch
Accept: text/html,application/xhtml+xml,application/xml;q=0.9,image/avif,image/webp,image/apng,*/*;q=0.8,application/signed-exchange;v=b3;q=0.7
Sec-Fetch-Site: none
Sec-Fetch-Mode: navigate
Sec-Fetch-User: ?1
Sec-Fetch-Dest: document
Accept-Encoding: gzip, deflate, br, zstd
Accept-Language: en-US,en;q=0.9
Cookie: ajs_anonymous_id=4428d46c-277a-4365-b20d-97e742f8a1ce; jenkins-timestamper-offset=-3600000; _streamlit_xsrf=2|6d8394a1|028403ba164c3c805fa2dff1be83e5c3|1736068198


2025-01-05 09:10:23,488 Body: b''
2025-01-05 09:46:23,692 Headers: Host: lb-webserver.pro
X-Real-Ip: 172.31.13.204
X-Forwarded-For: 172.31.13.204
X-Forwarded-Proto: https
Connection: close
Cache-Control: max-age=0
Sec-Ch-Ua: "Google Chrome";v="131", "Chromium";v="131", "Not_A Brand";v="24"
Sec-Ch-Ua-Mobile: ?0
Sec-Ch-Ua-Platform: "macOS"
Upgrade-Insecure-Requests: 1
User-Agent: Mozilla/5.0 (Macintosh; Intel Mac OS X 10_15_7) AppleWebKit/537.36 (KHTML, like Gecko) Chrome/131.0.0.0 Safari/537.36
Accept: text/html,application/xhtml+xml,application/xml;q=0.9,image/avif,image/webp,image/apng,*/*;q=0.8,application/signed-exchange;v=b3;q=0.7
Sec-Fetch-Site: none
Sec-Fetch-Mode: navigate
Sec-Fetch-User: ?1
Sec-Fetch-Dest: document
Accept-Encoding: gzip, deflate, br, zstd
Accept-Language: en-US,en;q=0.9
Cookie: ajs_anonymous_id=4428d46c-277a-4365-b20d-97e742f8a1ce; jenkins-timestamper-offset=-3600000; _streamlit_xsrf=2|f772376e|644179c69138590ec177eafb767098ec|1736070380


2025-01-05 09:46:23,693 Body: b''
2025-01-05 09:46:26,256 Headers: Host: lb-webserver.pro
X-Real-Ip: 172.31.13.204
X-Forwarded-For: 172.31.13.204
X-Forwarded-Proto: https
Connection: close
Sec-Ch-Ua: "Google Chrome";v="131", "Chromium";v="131", "Not_A Brand";v="24"
Sec-Ch-Ua-Mobile: ?0
Sec-Ch-Ua-Platform: "macOS"
Upgrade-Insecure-Requests: 1
User-Agent: Mozilla/5.0 (Macintosh; Intel Mac OS X 10_15_7) AppleWebKit/537.36 (KHTML, like Gecko) Chrome/131.0.0.0 Safari/537.36
Sec-Purpose: prefetch;prerender
Purpose: prefetch
Accept: text/html,application/xhtml+xml,application/xml;q=0.9,image/avif,image/webp,image/apng,*/*;q=0.8,application/signed-exchange;v=b3;q=0.7
Sec-Fetch-Site: none
Sec-Fetch-Mode: navigate
Sec-Fetch-User: ?1
Sec-Fetch-Dest: document
Accept-Encoding: gzip, deflate, br, zstd
Accept-Language: en-US,en;q=0.9
Cookie: ajs_anonymous_id=4428d46c-277a-4365-b20d-97e742f8a1ce; jenkins-timestamper-offset=-3600000; _streamlit_xsrf=2|f772376e|644179c69138590ec177eafb767098ec|1736070380


2025-01-05 09:46:26,256 Body: b''
2025-01-24 19:09:52,048 Headers: Host: flask.lb-webserver.pro
X-Real-Ip: 172.31.13.204
X-Forwarded-For: 172.31.13.204
X-Forwarded-Proto: https
Connection: close
Cache-Control: max-age=0
Sec-Ch-Ua: "Google Chrome";v="131", "Chromium";v="131", "Not_A Brand";v="24"
Sec-Ch-Ua-Mobile: ?0
Sec-Ch-Ua-Platform: "macOS"
Upgrade-Insecure-Requests: 1
User-Agent: Mozilla/5.0 (Macintosh; Intel Mac OS X 10_15_7) AppleWebKit/537.36 (KHTML, like Gecko) Chrome/131.0.0.0 Safari/537.36
Accept: text/html,application/xhtml+xml,application/xml;q=0.9,image/avif,image/webp,image/apng,*/*;q=0.8,application/signed-exchange;v=b3;q=0.7
Sec-Fetch-Site: none
Sec-Fetch-Mode: navigate
Sec-Fetch-User: ?1
Sec-Fetch-Dest: document
Accept-Encoding: gzip, deflate, br, zstd
Accept-Language: en-US,en;q=0.9
Cookie: ajs_anonymous_id=4428d46c-277a-4365-b20d-97e742f8a1ce


2025-01-24 19:09:52,049 Body: b''
2025-01-24 19:45:53,987 Headers: Host: flask.lb-webserver.pro
X-Real-Ip: 172.31.13.204
X-Forwarded-For: 172.31.13.204
X-Forwarded-Proto: https
Connection: close
Sec-Ch-Ua: "Google Chrome";v="131", "Chromium";v="131", "Not_A Brand";v="24"
Sec-Ch-Ua-Mobile: ?0
Sec-Ch-Ua-Platform: "macOS"
Upgrade-Insecure-Requests: 1
User-Agent: Mozilla/5.0 (Macintosh; Intel Mac OS X 10_15_7) AppleWebKit/537.36 (KHTML, like Gecko) Chrome/131.0.0.0 Safari/537.36
Accept: text/html,application/xhtml+xml,application/xml;q=0.9,image/avif,image/webp,image/apng,*/*;q=0.8,application/signed-exchange;v=b3;q=0.7
Sec-Fetch-Site: none
Sec-Fetch-Mode: navigate
Sec-Fetch-User: ?1
Sec-Fetch-Dest: document
Accept-Encoding: gzip, deflate, br, zstd
Accept-Language: en-US,en;q=0.9
Cookie: ajs_anonymous_id=4428d46c-277a-4365-b20d-97e742f8a1ce


2025-01-24 19:45:53,987 Body: b''
2025-01-24 20:16:09,806 Headers: Host: flask.lb-webserver.pro
X-Real-Ip: 172.31.13.204
X-Forwarded-For: 172.31.13.204
X-Forwarded-Proto: https
Connection: close
Sec-Ch-Ua: "Google Chrome";v="131", "Chromium";v="131", "Not_A Brand";v="24"
Sec-Ch-Ua-Mobile: ?0
Sec-Ch-Ua-Platform: "macOS"
Upgrade-Insecure-Requests: 1
User-Agent: Mozilla/5.0 (Macintosh; Intel Mac OS X 10_15_7) AppleWebKit/537.36 (KHTML, like Gecko) Chrome/131.0.0.0 Safari/537.36
Sec-Purpose: prefetch;prerender
Purpose: prefetch
Accept: text/html,application/xhtml+xml,application/xml;q=0.9,image/avif,image/webp,image/apng,*/*;q=0.8,application/signed-exchange;v=b3;q=0.7
Sec-Fetch-Site: none
Sec-Fetch-Mode: navigate
Sec-Fetch-User: ?1
Sec-Fetch-Dest: document
Accept-Encoding: gzip, deflate, br, zstd
Accept-Language: en-US,en;q=0.9
Cookie: ajs_anonymous_id=4428d46c-277a-4365-b20d-97e742f8a1ce


2025-01-24 20:16:09,806 Body: b''
2025-01-24 20:16:28,660 Headers: Host: flask.lb-webserver.pro
X-Real-Ip: 172.31.13.204
X-Forwarded-For: 172.31.13.204
X-Forwarded-Proto: https
Connection: close
Sec-Ch-Ua: "Google Chrome";v="131", "Chromium";v="131", "Not_A Brand";v="24"
Sec-Ch-Ua-Mobile: ?0
Sec-Ch-Ua-Platform: "macOS"
Upgrade-Insecure-Requests: 1
User-Agent: Mozilla/5.0 (Macintosh; Intel Mac OS X 10_15_7) AppleWebKit/537.36 (KHTML, like Gecko) Chrome/131.0.0.0 Safari/537.36
Accept: text/html,application/xhtml+xml,application/xml;q=0.9,image/avif,image/webp,image/apng,*/*;q=0.8,application/signed-exchange;v=b3;q=0.7
Sec-Fetch-Site: none
Sec-Fetch-Mode: navigate
Sec-Fetch-User: ?1
Sec-Fetch-Dest: document
Accept-Encoding: gzip, deflate, br, zstd
Accept-Language: en-US,en;q=0.9
Cookie: ajs_anonymous_id=4428d46c-277a-4365-b20d-97e742f8a1ce


2025-01-24 20:16:28,661 Body: b''
2025-01-25 13:41:09,428 Headers: Host: flask.lb-webserver.pro
X-Real-Ip: 172.31.13.204
X-Forwarded-For: 172.31.13.204
X-Forwarded-Proto: https
Connection: close
Sec-Ch-Ua: "Google Chrome";v="131", "Chromium";v="131", "Not_A Brand";v="24"
Sec-Ch-Ua-Mobile: ?0
Sec-Ch-Ua-Platform: "macOS"
Upgrade-Insecure-Requests: 1
User-Agent: Mozilla/5.0 (Macintosh; Intel Mac OS X 10_15_7) AppleWebKit/537.36 (KHTML, like Gecko) Chrome/131.0.0.0 Safari/537.36
Accept: text/html,application/xhtml+xml,application/xml;q=0.9,image/avif,image/webp,image/apng,*/*;q=0.8,application/signed-exchange;v=b3;q=0.7
Sec-Fetch-Site: none
Sec-Fetch-Mode: navigate
Sec-Fetch-User: ?1
Sec-Fetch-Dest: document
Accept-Encoding: gzip, deflate, br, zstd
Accept-Language: en-US,en;q=0.9
Cookie: ajs_anonymous_id=4428d46c-277a-4365-b20d-97e742f8a1ce


2025-01-25 13:41:09,429 Body: b''
2025-01-25 13:47:18,953 Headers: Host: flask.lb-webserver.pro
X-Real-Ip: 172.31.13.204
X-Forwarded-For: 172.31.13.204
X-Forwarded-Proto: https
Connection: close
Sec-Ch-Ua: "Google Chrome";v="131", "Chromium";v="131", "Not_A Brand";v="24"
Sec-Ch-Ua-Mobile: ?0
Sec-Ch-Ua-Platform: "macOS"
Upgrade-Insecure-Requests: 1
User-Agent: Mozilla/5.0 (Macintosh; Intel Mac OS X 10_15_7) AppleWebKit/537.36 (KHTML, like Gecko) Chrome/131.0.0.0 Safari/537.36
Accept: text/html,application/xhtml+xml,application/xml;q=0.9,image/avif,image/webp,image/apng,*/*;q=0.8,application/signed-exchange;v=b3;q=0.7
Sec-Fetch-Site: none
Sec-Fetch-Mode: navigate
Sec-Fetch-User: ?1
Sec-Fetch-Dest: document
Accept-Encoding: gzip, deflate, br, zstd
Accept-Language: en-US,en;q=0.9
Cookie: ajs_anonymous_id=4428d46c-277a-4365-b20d-97e742f8a1ce


2025-01-25 13:47:18,954 Body: b''
2025-01-25 13:49:28,046 Headers: Host: flask.lb-webserver.pro
X-Real-Ip: 172.31.13.204
X-Forwarded-For: 172.31.13.204
X-Forwarded-Proto: https
Connection: close
Cache-Control: max-age=0
Sec-Ch-Ua: "Google Chrome";v="131", "Chromium";v="131", "Not_A Brand";v="24"
Sec-Ch-Ua-Mobile: ?0
Sec-Ch-Ua-Platform: "macOS"
Upgrade-Insecure-Requests: 1
User-Agent: Mozilla/5.0 (Macintosh; Intel Mac OS X 10_15_7) AppleWebKit/537.36 (KHTML, like Gecko) Chrome/131.0.0.0 Safari/537.36
Accept: text/html,application/xhtml+xml,application/xml;q=0.9,image/avif,image/webp,image/apng,*/*;q=0.8,application/signed-exchange;v=b3;q=0.7
Sec-Fetch-Site: none
Sec-Fetch-Mode: navigate
Sec-Fetch-User: ?1
Sec-Fetch-Dest: document
Accept-Encoding: gzip, deflate, br, zstd
Accept-Language: en-US,en;q=0.9
Cookie: ajs_anonymous_id=4428d46c-277a-4365-b20d-97e742f8a1ce


2025-01-25 13:49:28,046 Body: b''
2025-01-25 14:09:54,546 Headers: Host: flask.lb-webserver.pro
X-Real-Ip: 172.31.13.204
X-Forwarded-For: 172.31.13.204
X-Forwarded-Proto: https
Connection: close
Cache-Control: max-age=0
Sec-Ch-Ua: "Google Chrome";v="131", "Chromium";v="131", "Not_A Brand";v="24"
Sec-Ch-Ua-Mobile: ?0
Sec-Ch-Ua-Platform: "macOS"
Upgrade-Insecure-Requests: 1
User-Agent: Mozilla/5.0 (Macintosh; Intel Mac OS X 10_15_7) AppleWebKit/537.36 (KHTML, like Gecko) Chrome/131.0.0.0 Safari/537.36
Accept: text/html,application/xhtml+xml,application/xml;q=0.9,image/avif,image/webp,image/apng,*/*;q=0.8,application/signed-exchange;v=b3;q=0.7
Sec-Fetch-Site: none
Sec-Fetch-Mode: navigate
Sec-Fetch-User: ?1
Sec-Fetch-Dest: document
Accept-Encoding: gzip, deflate, br, zstd
Accept-Language: en-US,en;q=0.9
Cookie: ajs_anonymous_id=4428d46c-277a-4365-b20d-97e742f8a1ce


2025-01-25 14:09:54,546 Body: b''
2025-01-25 15:06:08,145 Headers: Host: flask.lb-webserver.pro
X-Real-Ip: 172.31.13.204
X-Forwarded-For: 172.31.13.204
X-Forwarded-Proto: https
Connection: close
Cache-Control: max-age=0
Sec-Ch-Ua: "Google Chrome";v="131", "Chromium";v="131", "Not_A Brand";v="24"
Sec-Ch-Ua-Mobile: ?0
Sec-Ch-Ua-Platform: "macOS"
Upgrade-Insecure-Requests: 1
User-Agent: Mozilla/5.0 (Macintosh; Intel Mac OS X 10_15_7) AppleWebKit/537.36 (KHTML, like Gecko) Chrome/131.0.0.0 Safari/537.36
Accept: text/html,application/xhtml+xml,application/xml;q=0.9,image/avif,image/webp,image/apng,*/*;q=0.8,application/signed-exchange;v=b3;q=0.7
Sec-Fetch-Site: none
Sec-Fetch-Mode: navigate
Sec-Fetch-User: ?1
Sec-Fetch-Dest: document
Accept-Encoding: gzip, deflate, br, zstd
Accept-Language: en-US,en;q=0.9
Cookie: ajs_anonymous_id=4428d46c-277a-4365-b20d-97e742f8a1ce


2025-01-25 15:06:08,145 Body: b''
2025-01-25 15:11:52,324 Headers: Host: flask.lb-webserver.pro
X-Real-Ip: 172.31.13.204
X-Forwarded-For: 172.31.13.204
X-Forwarded-Proto: https
Connection: close
Cache-Control: max-age=0
Sec-Ch-Ua: "Google Chrome";v="131", "Chromium";v="131", "Not_A Brand";v="24"
Sec-Ch-Ua-Mobile: ?0
Sec-Ch-Ua-Platform: "macOS"
Upgrade-Insecure-Requests: 1
User-Agent: Mozilla/5.0 (Macintosh; Intel Mac OS X 10_15_7) AppleWebKit/537.36 (KHTML, like Gecko) Chrome/131.0.0.0 Safari/537.36
Accept: text/html,application/xhtml+xml,application/xml;q=0.9,image/avif,image/webp,image/apng,*/*;q=0.8,application/signed-exchange;v=b3;q=0.7
Sec-Fetch-Site: none
Sec-Fetch-Mode: navigate
Sec-Fetch-User: ?1
Sec-Fetch-Dest: document
Accept-Encoding: gzip, deflate, br, zstd
Accept-Language: en-US,en;q=0.9
Cookie: ajs_anonymous_id=4428d46c-277a-4365-b20d-97e742f8a1ce


2025-01-25 15:11:52,325 Body: b''
2025-01-25 15:15:16,196 Headers: Host: flask.lb-webserver.pro
X-Real-Ip: 172.31.13.204
X-Forwarded-For: 172.31.13.204
X-Forwarded-Proto: https
Connection: close
User-Agent: curl/8.4.0
Accept: */*


2025-01-25 15:15:16,196 Body: b''
2025-01-25 17:42:18,730 Headers: Host: flask.lb-webserver.pro
X-Real-Ip: 172.31.13.204
X-Forwarded-For: 172.31.13.204
X-Forwarded-Proto: https
Connection: close
Cache-Control: max-age=0
Sec-Ch-Ua: "Google Chrome";v="131", "Chromium";v="131", "Not_A Brand";v="24"
Sec-Ch-Ua-Mobile: ?0
Sec-Ch-Ua-Platform: "macOS"
Upgrade-Insecure-Requests: 1
User-Agent: Mozilla/5.0 (Macintosh; Intel Mac OS X 10_15_7) AppleWebKit/537.36 (KHTML, like Gecko) Chrome/131.0.0.0 Safari/537.36
Accept: text/html,application/xhtml+xml,application/xml;q=0.9,image/avif,image/webp,image/apng,*/*;q=0.8,application/signed-exchange;v=b3;q=0.7
Sec-Fetch-Site: none
Sec-Fetch-Mode: navigate
Sec-Fetch-User: ?1
Sec-Fetch-Dest: document
Accept-Encoding: gzip, deflate, br, zstd
Accept-Language: en-US,en;q=0.9
Cookie: ajs_anonymous_id=4428d46c-277a-4365-b20d-97e742f8a1ce


2025-01-25 17:42:18,730 Body: b''
2025-01-28 20:50:47,478 Headers: Host: flask.lb-webserver.pro
X-Real-Ip: 172.31.13.204
X-Forwarded-For: 172.31.13.204
X-Forwarded-Proto: https
Connection: close
Sec-Ch-Ua: "Google Chrome";v="131", "Chromium";v="131", "Not_A Brand";v="24"
Sec-Ch-Ua-Mobile: ?0
Sec-Ch-Ua-Platform: "macOS"
Upgrade-Insecure-Requests: 1
User-Agent: Mozilla/5.0 (Macintosh; Intel Mac OS X 10_15_7) AppleWebKit/537.36 (KHTML, like Gecko) Chrome/131.0.0.0 Safari/537.36
Sec-Purpose: prefetch;prerender
Purpose: prefetch
Accept: text/html,application/xhtml+xml,application/xml;q=0.9,image/avif,image/webp,image/apng,*/*;q=0.8,application/signed-exchange;v=b3;q=0.7
Sec-Fetch-Site: none
Sec-Fetch-Mode: navigate
Sec-Fetch-User: ?1
Sec-Fetch-Dest: document
Accept-Encoding: gzip, deflate, br, zstd
Accept-Language: en-US,en;q=0.9
Cookie: ajs_anonymous_id=4428d46c-277a-4365-b20d-97e742f8a1ce


2025-01-28 20:50:47,479 Body: b''
2025-01-29 20:18:54,857 Headers: Host: flask.lb-webserver.pro
X-Real-Ip: 172.31.13.204
X-Forwarded-For: 172.31.13.204
X-Forwarded-Proto: https
Connection: close
Cache-Control: max-age=0
Sec-Ch-Ua: "Google Chrome";v="131", "Chromium";v="131", "Not_A Brand";v="24"
Sec-Ch-Ua-Mobile: ?0
Sec-Ch-Ua-Platform: "macOS"
Upgrade-Insecure-Requests: 1
User-Agent: Mozilla/5.0 (Macintosh; Intel Mac OS X 10_15_7) AppleWebKit/537.36 (KHTML, like Gecko) Chrome/131.0.0.0 Safari/537.36
Accept: text/html,application/xhtml+xml,application/xml;q=0.9,image/avif,image/webp,image/apng,*/*;q=0.8,application/signed-exchange;v=b3;q=0.7
Sec-Fetch-Site: none
Sec-Fetch-Mode: navigate
Sec-Fetch-User: ?1
Sec-Fetch-Dest: document
Accept-Encoding: gzip, deflate, br, zstd
Accept-Language: en-US,en;q=0.9
Cookie: ajs_anonymous_id=4428d46c-277a-4365-b20d-97e742f8a1ce


2025-01-29 20:18:54,857 Body: b''
2025-02-07 21:28:37,079 Headers: Host: flask.lb-webserver.pro
X-Real-Ip: 172.31.13.204
X-Forwarded-For: 172.31.13.204
X-Forwarded-Proto: https
Connection: close
Sec-Ch-Ua: "Google Chrome";v="131", "Chromium";v="131", "Not_A Brand";v="24"
Sec-Ch-Ua-Mobile: ?0
Sec-Ch-Ua-Platform: "macOS"
Upgrade-Insecure-Requests: 1
User-Agent: Mozilla/5.0 (Macintosh; Intel Mac OS X 10_15_7) AppleWebKit/537.36 (KHTML, like Gecko) Chrome/131.0.0.0 Safari/537.36
Sec-Purpose: prefetch;prerender
Purpose: prefetch
Accept: text/html,application/xhtml+xml,application/xml;q=0.9,image/avif,image/webp,image/apng,*/*;q=0.8,application/signed-exchange;v=b3;q=0.7
Sec-Fetch-Site: none
Sec-Fetch-Mode: navigate
Sec-Fetch-User: ?1
Sec-Fetch-Dest: document
Accept-Encoding: gzip, deflate, br, zstd
Accept-Language: en-US,en;q=0.9
Cookie: ajs_anonymous_id=4428d46c-277a-4365-b20d-97e742f8a1ce


2025-02-07 21:28:37,080 Body: b''
2025-02-07 21:28:39,742 Headers: Host: flask.lb-webserver.pro
X-Real-Ip: 172.31.13.204
X-Forwarded-For: 172.31.13.204
X-Forwarded-Proto: https
Connection: close
Cache-Control: max-age=0
Sec-Ch-Ua: "Google Chrome";v="131", "Chromium";v="131", "Not_A Brand";v="24"
Sec-Ch-Ua-Mobile: ?0
Sec-Ch-Ua-Platform: "macOS"
Upgrade-Insecure-Requests: 1
User-Agent: Mozilla/5.0 (Macintosh; Intel Mac OS X 10_15_7) AppleWebKit/537.36 (KHTML, like Gecko) Chrome/131.0.0.0 Safari/537.36
Accept: text/html,application/xhtml+xml,application/xml;q=0.9,image/avif,image/webp,image/apng,*/*;q=0.8,application/signed-exchange;v=b3;q=0.7
Sec-Fetch-Site: none
Sec-Fetch-Mode: navigate
Sec-Fetch-User: ?1
Sec-Fetch-Dest: document
Accept-Encoding: gzip, deflate, br, zstd
Accept-Language: en-US,en;q=0.9
Cookie: ajs_anonymous_id=4428d46c-277a-4365-b20d-97e742f8a1ce


2025-02-07 21:28:39,743 Body: b''
2025-04-15 17:35:42,983 Headers: Host: flask.lb-webserver.pro
X-Real-Ip: 172.31.13.204
X-Forwarded-For: 172.31.13.204
X-Forwarded-Proto: https
Connection: close
Cache-Control: max-age=0
Sec-Ch-Ua: "Google Chrome";v="135", "Not-A.Brand";v="8", "Chromium";v="135"
Sec-Ch-Ua-Mobile: ?0
Sec-Ch-Ua-Platform: "macOS"
Upgrade-Insecure-Requests: 1
User-Agent: Mozilla/5.0 (Macintosh; Intel Mac OS X 10_15_7) AppleWebKit/537.36 (KHTML, like Gecko) Chrome/135.0.0.0 Safari/537.36
Accept: text/html,application/xhtml+xml,application/xml;q=0.9,image/avif,image/webp,image/apng,*/*;q=0.8,application/signed-exchange;v=b3;q=0.7
Sec-Fetch-Site: none
Sec-Fetch-Mode: navigate
Sec-Fetch-User: ?1
Sec-Fetch-Dest: document
Accept-Encoding: gzip, deflate, br, zstd
Accept-Language: en-US,en;q=0.9
Cookie: ajs_anonymous_id=4428d46c-277a-4365-b20d-97e742f8a1ce


2025-04-15 17:35:42,984 Body: b''
2025-04-15 17:35:43,318 Headers: Host: flask.lb-webserver.pro
X-Real-Ip: 172.31.13.204
X-Forwarded-For: 172.31.13.204
X-Forwarded-Proto: https
Connection: close
Sec-Ch-Ua: "Google Chrome";v="135", "Not-A.Brand";v="8", "Chromium";v="135"
Sec-Ch-Ua-Mobile: ?0
Sec-Ch-Ua-Platform: "macOS"
Upgrade-Insecure-Requests: 1
User-Agent: Mozilla/5.0 (Macintosh; Intel Mac OS X 10_15_7) AppleWebKit/537.36 (KHTML, like Gecko) Chrome/135.0.0.0 Safari/537.36
Accept: text/html,application/xhtml+xml,application/xml;q=0.9,image/avif,image/webp,image/apng,*/*;q=0.8,application/signed-exchange;v=b3;q=0.7
Sec-Fetch-Site: none
Sec-Fetch-Mode: navigate
Sec-Fetch-User: ?1
Sec-Fetch-Dest: document
Accept-Encoding: gzip, deflate, br, zstd
Accept-Language: en-US,en;q=0.9
Cookie: ajs_anonymous_id=4428d46c-277a-4365-b20d-97e742f8a1ce


2025-04-15 17:35:43,318 Body: b''
2025-04-15 17:36:18,452 Headers: Host: flask.lb-webserver.pro
X-Real-Ip: 172.31.13.204
X-Forwarded-For: 172.31.13.204
X-Forwarded-Proto: https
Connection: close
Sec-Ch-Ua: "Google Chrome";v="135", "Not-A.Brand";v="8", "Chromium";v="135"
Sec-Ch-Ua-Mobile: ?0
Sec-Ch-Ua-Platform: "macOS"
Upgrade-Insecure-Requests: 1
User-Agent: Mozilla/5.0 (Macintosh; Intel Mac OS X 10_15_7) AppleWebKit/537.36 (KHTML, like Gecko) Chrome/135.0.0.0 Safari/537.36
Accept: text/html,application/xhtml+xml,application/xml;q=0.9,image/avif,image/webp,image/apng,*/*;q=0.8,application/signed-exchange;v=b3;q=0.7
Sec-Fetch-Site: none
Sec-Fetch-Mode: navigate
Sec-Fetch-User: ?1
Sec-Fetch-Dest: document
Accept-Encoding: gzip, deflate, br, zstd
Accept-Language: en-US,en;q=0.9
Cookie: ajs_anonymous_id=4428d46c-277a-4365-b20d-97e742f8a1ce


2025-04-15 17:36:18,452 Body: b''
2025-04-15 17:36:53,552 Headers: Host: flask.lb-webserver.pro
X-Real-Ip: 172.31.13.204
X-Forwarded-For: 172.31.13.204
X-Forwarded-Proto: https
Connection: close
Sec-Ch-Ua: "Google Chrome";v="135", "Not-A.Brand";v="8", "Chromium";v="135"
Sec-Ch-Ua-Mobile: ?0
Sec-Ch-Ua-Platform: "macOS"
Upgrade-Insecure-Requests: 1
User-Agent: Mozilla/5.0 (Macintosh; Intel Mac OS X 10_15_7) AppleWebKit/537.36 (KHTML, like Gecko) Chrome/135.0.0.0 Safari/537.36
Accept: text/html,application/xhtml+xml,application/xml;q=0.9,image/avif,image/webp,image/apng,*/*;q=0.8,application/signed-exchange;v=b3;q=0.7
Sec-Fetch-Site: none
Sec-Fetch-Mode: navigate
Sec-Fetch-User: ?1
Sec-Fetch-Dest: document
Accept-Encoding: gzip, deflate, br, zstd
Accept-Language: en-US,en;q=0.9


2025-04-15 17:36:53,552 Body: b''
2025-04-15 17:40:43,634 Headers: Host: flask.lb-webserver.pro
X-Real-Ip: 172.31.13.204
X-Forwarded-For: 172.31.13.204
X-Forwarded-Proto: https
Connection: close
User-Agent: python-requests/2.32.3
Accept-Encoding: gzip, deflate
Accept: */*
Authorization: Basic YWRtaW46c2VjdXJlcGFzc3dvcmQxMjM=


2025-04-15 17:40:43,634 Body: b''
2025-04-15 17:41:01,566 Headers: Host: flask.lb-webserver.pro
X-Real-Ip: 172.31.13.204
X-Forwarded-For: 172.31.13.204
X-Forwarded-Proto: https
Connection: close
Content-Length: 72
User-Agent: python-requests/2.32.3
Accept-Encoding: gzip, deflate
Accept: */*
Content-Type: application/json
Authorization: Basic YWRtaW46c2VjdXJlcGFzc3dvcmQxMjM=


2025-04-15 17:41:01,567 Body: b'{"Feature_1": 1.0, "Feature_2": 1.0, "Feature_3": 1.0, "Feature_4": 1.0}'
2025-04-15 17:42:19,602 Headers: Host: flask.lb-webserver.pro
X-Real-Ip: 172.31.13.204
X-Forwarded-For: 172.31.13.204
X-Forwarded-Proto: https
Connection: close
Content-Length: 72
User-Agent: python-requests/2.32.3
Accept-Encoding: gzip, deflate
Accept: */*
Content-Type: application/json
Authorization: Basic YWRtaW46c2VjdXJlcGFzc3dvcmQxMjM=


2025-04-15 17:42:19,602 Body: b'{"Feature_1": 1.0, "Feature_2": 1.0, "Feature_3": 1.0, "Feature_4": 1.0}'
2025-04-15 17:43:22,778 Headers: Host: flask.lb-webserver.pro
X-Real-Ip: 172.31.13.204
X-Forwarded-For: 172.31.13.204
X-Forwarded-Proto: https
Connection: close
Content-Length: 72
User-Agent: python-requests/2.32.3
Accept-Encoding: gzip, deflate
Accept: */*
Content-Type: application/json
Authorization: Basic YWRtaW46c2VjdXJlcGFzc3dvcmQxMjM=


2025-04-15 17:43:22,778 Body: b'{"Feature_1": 1.0, "Feature_2": 1.0, "Feature_3": 1.0, "Feature_4": 1.0}'
2025-04-15 17:43:22,778 Auth attempt with username=admin and password=securepassword123
2025-04-15 17:43:22,778 Authentication successful
2025-04-15 17:43:22,788 Prediction result: {'model_name': 'random_forest_model', 'score': np.float64(0.99)}
2025-04-15 17:52:22,106 Headers: Host: flask.lb-webserver.pro
X-Real-Ip: 172.31.13.204
X-Forwarded-For: 172.31.13.204
X-Forwarded-Proto: https
Connection: close
User-Agent: python-requests/2.32.3
Accept-Encoding: gzip, deflate
Accept: */*
Authorization: Basic YWRtaW46c2VjdXJlcGFzc3dvcmQxMjM=


2025-04-15 17:52:22,107 Body: b''
2025-04-15 17:52:44,812 Headers: Host: flask.lb-webserver.pro
X-Real-Ip: 172.31.13.204
X-Forwarded-For: 172.31.13.204
X-Forwarded-Proto: https
Connection: close
Content-Length: 72
User-Agent: python-requests/2.32.3
Accept-Encoding: gzip, deflate
Accept: */*
Content-Type: application/json
Authorization: Basic YWRtaW46c2VjdXJlcGFzc3dvcmQxMjM=


2025-04-15 17:52:44,812 Body: b'{"Feature_1": 1.0, "Feature_2": 1.0, "Feature_3": 1.0, "Feature_4": 1.0}'
2025-04-15 17:52:44,812 Auth attempt with username=admin and password=securepassword123
2025-04-15 17:52:44,812 Authentication successful
2025-04-15 17:52:44,819 Prediction result: {'model_name': 'random_forest_model', 'score': np.float64(0.99)}
2025-04-15 17:53:06,687 Headers: Host: flask.lb-webserver.pro
X-Real-Ip: 172.31.13.204
X-Forwarded-For: 172.31.13.204
X-Forwarded-Proto: https
Connection: close
Content-Length: 72
User-Agent: python-requests/2.32.3
Accept-Encoding: gzip, deflate
Accept: */*
Content-Type: application/json
Authorization: Basic YWRtaW46c2VjdXJlcGFzc3dvcmQxMjM=


2025-04-15 17:53:06,688 Body: b'{"Feature_1": 2.0, "Feature_2": 2.0, "Feature_3": 2.0, "Feature_4": 3.0}'
2025-04-15 17:53:06,688 Auth attempt with username=admin and password=securepassword123
2025-04-15 17:53:06,688 Authentication successful
2025-04-15 17:53:06,695 Prediction result: {'model_name': 'random_forest_model', 'score': np.float64(0.8)}
2025-04-15 17:53:34,554 Headers: Host: flask.lb-webserver.pro
X-Real-Ip: 172.31.13.204
X-Forwarded-For: 172.31.13.204
X-Forwarded-Proto: https
Connection: close
Content-Length: 72
User-Agent: python-requests/2.32.3
Accept-Encoding: gzip, deflate
Accept: */*
Content-Type: application/json
Authorization: Basic YWRtaW46c2VjdXJlcGFzc3dvcmQxMjM=


2025-04-15 17:53:34,555 Body: b'{"Feature_1": 0.0, "Feature_2": 4.0, "Feature_3": 1.0, "Feature_4": 2.5}'
2025-04-15 17:53:34,555 Auth attempt with username=admin and password=securepassword123
2025-04-15 17:53:34,555 Authentication successful
2025-04-15 17:53:34,562 Prediction result: {'model_name': 'random_forest_model', 'score': np.float64(0.84)}
2025-04-15 18:00:49,814 Headers: Host: flask.lb-webserver.pro
X-Real-Ip: 172.31.13.204
X-Forwarded-For: 172.31.13.204
X-Forwarded-Proto: https
Connection: close
Upgrade-Insecure-Requests: 1
User-Agent: Mozilla/5.0 (Macintosh; Intel Mac OS X 10_15_7) AppleWebKit/537.36 (KHTML, like Gecko) Chrome/135.0.0.0 Safari/537.36
Accept: text/html,application/xhtml+xml,application/xml;q=0.9,image/avif,image/webp,image/apng,*/*;q=0.8,application/signed-exchange;v=b3;q=0.7
Sec-Ch-Ua: "Google Chrome";v="135", "Not-A.Brand";v="8", "Chromium";v="135"
Sec-Ch-Ua-Mobile: ?0
Sec-Ch-Ua-Platform: "macOS"
Sec-Fetch-Site: none
Sec-Fetch-Mode: navigate
Sec-Fetch-User: ?1
Sec-Fetch-Dest: document
Accept-Encoding: gzip, deflate, br, zstd
Accept-Language: en-GB,en-US;q=0.9,en;q=0.8,pt;q=0.7


2025-04-15 18:00:49,814 Body: b''
2025-04-15 18:03:47,775 Headers: Host: flask.lb-webserver.pro
X-Real-Ip: 172.31.13.204
X-Forwarded-For: 172.31.13.204
X-Forwarded-Proto: https
Connection: close
User-Agent: python-requests/2.32.3
Accept-Encoding: gzip, deflate
Accept: */*
Authorization: Basic YWRtaW46c2VjdXJlcGFzc3dvcmQxMjM=


2025-04-15 18:03:47,775 Body: b''
2025-04-15 18:04:25,781 Headers: Host: flask.lb-webserver.pro
X-Real-Ip: 172.31.13.204
X-Forwarded-For: 172.31.13.204
X-Forwarded-Proto: https
Connection: close
Content-Length: 72
User-Agent: python-requests/2.32.3
Accept-Encoding: gzip, deflate
Accept: */*
Content-Type: application/json
Authorization: Basic YWRtaW46c2VjdXJlcGFzc3dvcmQxMjM=


2025-04-15 18:04:25,781 Body: b'{"Feature_1": 1.0, "Feature_2": 1.0, "Feature_3": 1.0, "Feature_4": 1.0}'
2025-04-15 18:04:25,781 Auth attempt with username=admin and password=securepassword123
2025-04-15 18:04:25,781 Authentication successful
2025-04-15 18:04:25,789 Prediction result: {'model_name': 'random_forest_model', 'score': np.float64(0.99)}
2025-04-15 18:04:47,132 Headers: Host: flask.lb-webserver.pro
X-Real-Ip: 172.31.13.204
X-Forwarded-For: 172.31.13.204
X-Forwarded-Proto: https
Connection: close
Content-Length: 72
User-Agent: python-requests/2.32.3
Accept-Encoding: gzip, deflate
Accept: */*
Content-Type: application/json
Authorization: Basic YWRtaW46c2VjdXJlcGFzc3dvcmQxMjM=


2025-04-15 18:04:47,132 Body: b'{"Feature_1": 1.0, "Feature_2": 3.0, "Feature_3": 2.0, "Feature_4": 1.0}'
2025-04-15 18:04:47,132 Auth attempt with username=admin and password=securepassword123
2025-04-15 18:04:47,132 Authentication successful
2025-04-15 18:04:47,140 Prediction result: {'model_name': 'random_forest_model', 'score': np.float64(0.74)}
2025-04-15 19:12:55,034 Headers: Host: flask.lb-webserver.pro
X-Real-Ip: 172.31.13.204
X-Forwarded-For: 172.31.13.204
X-Forwarded-Proto: https
Connection: close
Cache-Control: max-age=0
Sec-Ch-Ua: "Google Chrome";v="135", "Not-A.Brand";v="8", "Chromium";v="135"
Sec-Ch-Ua-Mobile: ?0
Sec-Ch-Ua-Platform: "macOS"
Upgrade-Insecure-Requests: 1
User-Agent: Mozilla/5.0 (Macintosh; Intel Mac OS X 10_15_7) AppleWebKit/537.36 (KHTML, like Gecko) Chrome/135.0.0.0 Safari/537.36
Accept: text/html,application/xhtml+xml,application/xml;q=0.9,image/avif,image/webp,image/apng,*/*;q=0.8,application/signed-exchange;v=b3;q=0.7
Sec-Fetch-Site: none
Sec-Fetch-Mode: navigate
Sec-Fetch-User: ?1
Sec-Fetch-Dest: document
Accept-Encoding: gzip, deflate, br, zstd
Accept-Language: en-US,en;q=0.9


2025-04-15 19:12:55,034 Body: b''
2025-04-19 11:32:41,448 Headers: Host: flask.lb-webserver.pro
X-Real-Ip: 172.31.13.204
X-Forwarded-For: 172.31.13.204
X-Forwarded-Proto: https
Connection: close
Sec-Ch-Ua: "Google Chrome";v="135", "Not-A.Brand";v="8", "Chromium";v="135"
Sec-Ch-Ua-Mobile: ?0
Sec-Ch-Ua-Platform: "macOS"
Upgrade-Insecure-Requests: 1
User-Agent: Mozilla/5.0 (Macintosh; Intel Mac OS X 10_15_7) AppleWebKit/537.36 (KHTML, like Gecko) Chrome/135.0.0.0 Safari/537.36
Sec-Purpose: prefetch;prerender
Purpose: prefetch
Accept: text/html,application/xhtml+xml,application/xml;q=0.9,image/avif,image/webp,image/apng,*/*;q=0.8,application/signed-exchange;v=b3;q=0.7
Sec-Fetch-Site: none
Sec-Fetch-Mode: navigate
Sec-Fetch-User: ?1
Sec-Fetch-Dest: document
Accept-Encoding: gzip, deflate, br, zstd
Accept-Language: en-US,en;q=0.9
Cookie: ajs_anonymous_id=4428d46c-277a-4365-b20d-97e742f8a1ce; __Host-GCP_IAP_AUTH_TOKEN_7865B51FCB33279C=AU4n88C4uvqZhjWgiuJnjAUF_aKBDD2eN7FG049yOikodAmrFzIZ7cerHDKNbH8E4LeUP-tp3GR2By4FDkoOhjNhUUHG_Y-NJvGSyvETBXpzGvZRd0MtyYlW6-BZiX17P975BDyVMv2bg4lL0NIS2IiCvDY5JRANJjZz7XuXDLlBjt_uZRz0eL0aMhRiOyTYHdAew9th8yyPxe9DL4MdkGjP7O07HU4JLghai6FhA1XswQLXlc6oscGwQBCemVl2DyGh3paJiA0BXb6kJjweQJzv_LRhEasPtkNSPgZqHPU4jaHMICdb3SI4GVDGtaM7KG8wc3BQALviUF0txyHLr9nTmoZDYdIShs7HhFdnVljCd4Zdy9Js8jSTu1F_wK7qsqVHVE9HCTOcYexElyx0_Y_-xrWZGK_tF9rFuSlkdMXpqHdDDPf22VzWcXKCHWClVK990f_zmj430SCH5yx4LM806EZp_S-SXIIXx29dfPhIYkMAWY7SzWDw8rKOZ31iBT32dwdHBda_iEWOgwyqReaZ9xOdLYFtt755Gr9Tmx8Xf8ajzorvjqxUJqB7qfHMR1i6Tjh3JJ5ggUwBymtisGvsNYDyaStnnACf5g_CKUHCG3ZjYraKNUTLdoo2DC5bsNexoRZjDuuYq88P8--vOpTkNBfLOVrUFRpGAzkem7eXVOY4kx2Grr1KSjSWAdxJLN7LJnhXNxfqidcgz06FTT3MPUVAqcjY020ZbcuyLYmyB4UEWANT3baqaUGCHZzldfcYk7SHR1QgZ5y_JrTakCgmsJY4ED6wplI1G2v3vjaepu7k3dR-8mTboFENb_7hV7_rmWqrWCER-AbCm-w9FE5ufiGDZGuiBYFXNj_g71Ai8nGB0nyDSxXCiz6qdznL2iSSsNVRd1vthe0k_-JGCvBI-bevZPpSXZmD8LnZ3qs3eY-256qQ1AvyvznFmRObjwsFF5eRSxVjsSM0-9QyvAdKZJrXLlylpZL-o9XjwMuj8hTHEXD4reX-twQyE59mnQioKR-wqKbTVxT2TrKkkJSN1vRBgWZKinfsznadaGleKdlLLtAiNNtFa9W_TY2zbYtDtlZ4SbEV3-h3Uf1yoRH6u2uvUvOFoi0KcqPh-lnYK5ONpqiPTfCAoDVAkOfNgCrjkRk1SUNJ22F0LTOateG5hoH4l6YGizdopLByLzuUZNTitko1615q-xFQdL6bJz0aKE48ys79fPNpp_1Tj5DNnjFtoUrhCl1hIx17qjgq4khW3TP2tccox1a-A5qatpdAiI7ZpUclIFIHHSNyIhnRywIYESdpB4Ut1hzGfFJsnSwrwPMedxCSzngUx2PWwiOD7fpGqBVrNW24O7OnV0YskRXCPvJanvpIPo9YxAcSkmRG5gtg25b9hNGwsl_7sfjulvzJ1GdD907YQIS-SlvWRe3v-cT7Q1eJpihWjQJnnr1Y-0lAgkB0fFopVsPZwdMkF-DVl0KykzO44_CqtbEdnU9M7BiaHrdc0lKoCU76Pmr3hRlCIYpnDB4q2iYqMUEdPT8V4fJNYAo_QqWzzi-WbHMZKNL5CT6caUu3lk129HcTpOkRuQLSYep_m_yyJdVCE5W8JFnwCQu5-kAh7bbw2SdsiXBBqgaKCsb61UA-dY3kvqmfkW-TGuWqe3gv0MXzfkzy1UE879EsCGsA9Xx4ObHprqLrhrYnRCLv9z5OXyKWUhWyfhs1X1NZJxlwutieRvJlaa61WwXIh-YrfBXaC1uebH77mA; GCP_IAP_UID=108419507085451371027; __Host-GCP_IAP_AUTH_TOKEN_35516D6B060ED885=AU4n88DUtgU0OzIGpnbfq3OVLnzFJ2yAjt3HCP_fvzZ4T0D37aLmF7waSv9ffy6SPoQCnxphBX4edvBCdby7vlzuq8sCupCDu5LHimIPU5gPNlJ7CjnhqkxX-NnCSmkErS0WKLRQWSaeGd54y9WXHOpYPREhgDtd5FJE_HVJeYVFO5Kp-IVNUPW5qgSzEelvyQ9Hw0aF0uKLTFYCTSpebN_kMZXpLEL18SEhMQWkja3umI0GMjYFx575OgvIuMYUoVz1y54oKC9zd04tOyRXKN_982CwOdl6J8OWs2g1SziJVP3vYYLNrJsoxqmUC10544jnwuMhDZg91OOFWDsfhbThghK9F2YPEVmpRl_qlk2E65Xyd-ldH7RhvvrzH7cqIHT_Oun5im2VEyGNTUYxA9sA7dk_I69DZNy_c7AJQHqE8R_Nohcqjrtraq0_3bjzGr_rGREdgLuqBhYUCg_TD6puzZQPWmCZ4v2VCUEfhdy65s701uqjAyIiyhV9NryAbyiNgQ40I3WOEeh6kz-GvI8tOL0ZtlnIwhXBkwff2djxfjwr0JYo00TV_FXVFXn1a5MucHmIckxwfw-BFPka7_onH0eANuH3BNYDyZW-Nsof-dE9teqSC6wSFfTKonBy26qWe6gugr0E6_SXJD5WCN6hfx-Bxbvhu1Y_D-YEBBIkggAMaW7KvGhv2O0M5ElGi65SgjJj1PF4h04bsmpWRmGmL1OFnVI7sCM3HvLmAs-wvMdQ_UEScA8NggNf-c3-gSUuIhlT13gxOi4xHnaRhOrk3kgaK9LfnFrV4MmYB12RYP8qh9HlIyTI4fVCj4XEDgXJGU3ShVkpU0q4qBMSKIEO7PeXfiUBkI97yP2QA1BxlcutjHjQmV9iZ7J2imoNonijg-TmQTeDL6MHZ1dnFCPZ31LOmuDX5poprHGWBkroPn9kVz-HxBRrJw8meJoIwKzKQyJQo5uRsb9X8X7PZLbq1QiAL1Xtv2ZbGC1mUQXD78erCD2auafG2bBpWNeZ3jsflue7kHCBkbUVIABSUUR303aKwTbUI4pqa9EPOTioP5ekCmUD8NjdVxxEofczvvRKyiT3R1QVvXAL2IvduOq_YsfZA7WrUoy9TnfijR7KMt-gVLlEL7xsnrc2M6PGirFXNyXLvvXzUR_j5wExB2LTHy0v9vRf_XTogqIoPD34UFdI5Nlpg-BVaZO0oj1hZfhWKgFwTgqMKQrp6_LDK7PwLG3XeTITByDwiW-j562A1BqV1372vNAqkn_jsYLqum8fg5pI5qFXicPGFZTKOOZMzTu22DKfA_Q14eAxWSmmyY3GX4gbBajTM90VsDeSCjlJ2iSQeB0QUjxt-A3AHdovRiRe5Eo-y2Ih6tj_wt6g0jVCs-xUYlghjlGysYpcpfW70z82VO_MJHokln0w189-2XV8Ee8AaR9bCm2LUD0NVe53C6Ob15Gyi-CI_T5Ra__OVmHt7dCGXfhdjwPSvzfx5m_cjQ9p8c9fKkir8pL3KwEtuvZR_e-iyDdDeZQEVBgpK4kDBPujuZ_svPwP_mrG_cHvFvM6XqOA-wi_pZFZ1jiuxr4FmadB4hApz53VsIi8HICurRYPgpIZAN0ucqE-7sKO-U3oG5pFviU3KKsykmW5zDFrE3HsyHOVbpk


2025-04-19 11:32:41,448 Body: b''
2025-04-19 11:32:42,716 Headers: Host: flask.lb-webserver.pro
X-Real-Ip: 172.31.13.204
X-Forwarded-For: 172.31.13.204
X-Forwarded-Proto: https
Connection: close
Cache-Control: max-age=0
Sec-Ch-Ua: "Google Chrome";v="135", "Not-A.Brand";v="8", "Chromium";v="135"
Sec-Ch-Ua-Mobile: ?0
Sec-Ch-Ua-Platform: "macOS"
Upgrade-Insecure-Requests: 1
User-Agent: Mozilla/5.0 (Macintosh; Intel Mac OS X 10_15_7) AppleWebKit/537.36 (KHTML, like Gecko) Chrome/135.0.0.0 Safari/537.36
Accept: text/html,application/xhtml+xml,application/xml;q=0.9,image/avif,image/webp,image/apng,*/*;q=0.8,application/signed-exchange;v=b3;q=0.7
Sec-Fetch-Site: none
Sec-Fetch-Mode: navigate
Sec-Fetch-User: ?1
Sec-Fetch-Dest: document
Accept-Encoding: gzip, deflate, br, zstd
Accept-Language: en-US,en;q=0.9
Cookie: ajs_anonymous_id=4428d46c-277a-4365-b20d-97e742f8a1ce; __Host-GCP_IAP_AUTH_TOKEN_7865B51FCB33279C=AU4n88C4uvqZhjWgiuJnjAUF_aKBDD2eN7FG049yOikodAmrFzIZ7cerHDKNbH8E4LeUP-tp3GR2By4FDkoOhjNhUUHG_Y-NJvGSyvETBXpzGvZRd0MtyYlW6-BZiX17P975BDyVMv2bg4lL0NIS2IiCvDY5JRANJjZz7XuXDLlBjt_uZRz0eL0aMhRiOyTYHdAew9th8yyPxe9DL4MdkGjP7O07HU4JLghai6FhA1XswQLXlc6oscGwQBCemVl2DyGh3paJiA0BXb6kJjweQJzv_LRhEasPtkNSPgZqHPU4jaHMICdb3SI4GVDGtaM7KG8wc3BQALviUF0txyHLr9nTmoZDYdIShs7HhFdnVljCd4Zdy9Js8jSTu1F_wK7qsqVHVE9HCTOcYexElyx0_Y_-xrWZGK_tF9rFuSlkdMXpqHdDDPf22VzWcXKCHWClVK990f_zmj430SCH5yx4LM806EZp_S-SXIIXx29dfPhIYkMAWY7SzWDw8rKOZ31iBT32dwdHBda_iEWOgwyqReaZ9xOdLYFtt755Gr9Tmx8Xf8ajzorvjqxUJqB7qfHMR1i6Tjh3JJ5ggUwBymtisGvsNYDyaStnnACf5g_CKUHCG3ZjYraKNUTLdoo2DC5bsNexoRZjDuuYq88P8--vOpTkNBfLOVrUFRpGAzkem7eXVOY4kx2Grr1KSjSWAdxJLN7LJnhXNxfqidcgz06FTT3MPUVAqcjY020ZbcuyLYmyB4UEWANT3baqaUGCHZzldfcYk7SHR1QgZ5y_JrTakCgmsJY4ED6wplI1G2v3vjaepu7k3dR-8mTboFENb_7hV7_rmWqrWCER-AbCm-w9FE5ufiGDZGuiBYFXNj_g71Ai8nGB0nyDSxXCiz6qdznL2iSSsNVRd1vthe0k_-JGCvBI-bevZPpSXZmD8LnZ3qs3eY-256qQ1AvyvznFmRObjwsFF5eRSxVjsSM0-9QyvAdKZJrXLlylpZL-o9XjwMuj8hTHEXD4reX-twQyE59mnQioKR-wqKbTVxT2TrKkkJSN1vRBgWZKinfsznadaGleKdlLLtAiNNtFa9W_TY2zbYtDtlZ4SbEV3-h3Uf1yoRH6u2uvUvOFoi0KcqPh-lnYK5ONpqiPTfCAoDVAkOfNgCrjkRk1SUNJ22F0LTOateG5hoH4l6YGizdopLByLzuUZNTitko1615q-xFQdL6bJz0aKE48ys79fPNpp_1Tj5DNnjFtoUrhCl1hIx17qjgq4khW3TP2tccox1a-A5qatpdAiI7ZpUclIFIHHSNyIhnRywIYESdpB4Ut1hzGfFJsnSwrwPMedxCSzngUx2PWwiOD7fpGqBVrNW24O7OnV0YskRXCPvJanvpIPo9YxAcSkmRG5gtg25b9hNGwsl_7sfjulvzJ1GdD907YQIS-SlvWRe3v-cT7Q1eJpihWjQJnnr1Y-0lAgkB0fFopVsPZwdMkF-DVl0KykzO44_CqtbEdnU9M7BiaHrdc0lKoCU76Pmr3hRlCIYpnDB4q2iYqMUEdPT8V4fJNYAo_QqWzzi-WbHMZKNL5CT6caUu3lk129HcTpOkRuQLSYep_m_yyJdVCE5W8JFnwCQu5-kAh7bbw2SdsiXBBqgaKCsb61UA-dY3kvqmfkW-TGuWqe3gv0MXzfkzy1UE879EsCGsA9Xx4ObHprqLrhrYnRCLv9z5OXyKWUhWyfhs1X1NZJxlwutieRvJlaa61WwXIh-YrfBXaC1uebH77mA; GCP_IAP_UID=108419507085451371027; __Host-GCP_IAP_AUTH_TOKEN_35516D6B060ED885=AU4n88DUtgU0OzIGpnbfq3OVLnzFJ2yAjt3HCP_fvzZ4T0D37aLmF7waSv9ffy6SPoQCnxphBX4edvBCdby7vlzuq8sCupCDu5LHimIPU5gPNlJ7CjnhqkxX-NnCSmkErS0WKLRQWSaeGd54y9WXHOpYPREhgDtd5FJE_HVJeYVFO5Kp-IVNUPW5qgSzEelvyQ9Hw0aF0uKLTFYCTSpebN_kMZXpLEL18SEhMQWkja3umI0GMjYFx575OgvIuMYUoVz1y54oKC9zd04tOyRXKN_982CwOdl6J8OWs2g1SziJVP3vYYLNrJsoxqmUC10544jnwuMhDZg91OOFWDsfhbThghK9F2YPEVmpRl_qlk2E65Xyd-ldH7RhvvrzH7cqIHT_Oun5im2VEyGNTUYxA9sA7dk_I69DZNy_c7AJQHqE8R_Nohcqjrtraq0_3bjzGr_rGREdgLuqBhYUCg_TD6puzZQPWmCZ4v2VCUEfhdy65s701uqjAyIiyhV9NryAbyiNgQ40I3WOEeh6kz-GvI8tOL0ZtlnIwhXBkwff2djxfjwr0JYo00TV_FXVFXn1a5MucHmIckxwfw-BFPka7_onH0eANuH3BNYDyZW-Nsof-dE9teqSC6wSFfTKonBy26qWe6gugr0E6_SXJD5WCN6hfx-Bxbvhu1Y_D-YEBBIkggAMaW7KvGhv2O0M5ElGi65SgjJj1PF4h04bsmpWRmGmL1OFnVI7sCM3HvLmAs-wvMdQ_UEScA8NggNf-c3-gSUuIhlT13gxOi4xHnaRhOrk3kgaK9LfnFrV4MmYB12RYP8qh9HlIyTI4fVCj4XEDgXJGU3ShVkpU0q4qBMSKIEO7PeXfiUBkI97yP2QA1BxlcutjHjQmV9iZ7J2imoNonijg-TmQTeDL6MHZ1dnFCPZ31LOmuDX5poprHGWBkroPn9kVz-HxBRrJw8meJoIwKzKQyJQo5uRsb9X8X7PZLbq1QiAL1Xtv2ZbGC1mUQXD78erCD2auafG2bBpWNeZ3jsflue7kHCBkbUVIABSUUR303aKwTbUI4pqa9EPOTioP5ekCmUD8NjdVxxEofczvvRKyiT3R1QVvXAL2IvduOq_YsfZA7WrUoy9TnfijR7KMt-gVLlEL7xsnrc2M6PGirFXNyXLvvXzUR_j5wExB2LTHy0v9vRf_XTogqIoPD34UFdI5Nlpg-BVaZO0oj1hZfhWKgFwTgqMKQrp6_LDK7PwLG3XeTITByDwiW-j562A1BqV1372vNAqkn_jsYLqum8fg5pI5qFXicPGFZTKOOZMzTu22DKfA_Q14eAxWSmmyY3GX4gbBajTM90VsDeSCjlJ2iSQeB0QUjxt-A3AHdovRiRe5Eo-y2Ih6tj_wt6g0jVCs-xUYlghjlGysYpcpfW70z82VO_MJHokln0w189-2XV8Ee8AaR9bCm2LUD0NVe53C6Ob15Gyi-CI_T5Ra__OVmHt7dCGXfhdjwPSvzfx5m_cjQ9p8c9fKkir8pL3KwEtuvZR_e-iyDdDeZQEVBgpK4kDBPujuZ_svPwP_mrG_cHvFvM6XqOA-wi_pZFZ1jiuxr4FmadB4hApz53VsIi8HICurRYPgpIZAN0ucqE-7sKO-U3oG5pFviU3KKsykmW5zDFrE3HsyHOVbpk


2025-04-19 11:32:42,716 Body: b''
2025-04-19 11:33:12,774 Headers: Host: flask.lb-webserver.pro
X-Real-Ip: 172.31.13.204
X-Forwarded-For: 172.31.13.204
X-Forwarded-Proto: https
Connection: close
Content-Length: 72
User-Agent: python-requests/2.32.3
Accept-Encoding: gzip, deflate
Accept: */*
Content-Type: application/json
Authorization: Basic YWRtaW46c2VjdXJlcGFzc3dvcmQxMjM=


2025-04-19 11:33:12,774 Body: b'{"Feature_1": 1.0, "Feature_2": 1.0, "Feature_3": 1.0, "Feature_4": 1.0}'
2025-04-19 11:33:12,774 Auth attempt with username=admin and password=securepassword123
2025-04-19 11:33:12,774 Authentication successful
2025-04-19 11:33:12,781 Prediction result: {'model_name': 'random_forest_model', 'score': np.float64(0.99)}
2025-04-19 11:33:15,808 Headers: Host: flask.lb-webserver.pro
X-Real-Ip: 172.31.13.204
X-Forwarded-For: 172.31.13.204
X-Forwarded-Proto: https
Connection: close
Content-Length: 72
User-Agent: python-requests/2.32.3
Accept-Encoding: gzip, deflate
Accept: */*
Content-Type: application/json
Authorization: Basic YWRtaW46c2VjdXJlcGFzc3dvcmQxMjM=


2025-04-19 11:33:15,808 Body: b'{"Feature_1": 2.0, "Feature_2": 2.0, "Feature_3": 2.0, "Feature_4": 2.0}'
2025-04-19 11:33:15,808 Auth attempt with username=admin and password=securepassword123
2025-04-19 11:33:15,808 Authentication successful
2025-04-19 11:33:15,816 Prediction result: {'model_name': 'random_forest_model', 'score': np.float64(0.77)}
2025-04-19 11:33:22,911 Headers: Host: flask.lb-webserver.pro
X-Real-Ip: 172.31.13.204
X-Forwarded-For: 172.31.13.204
X-Forwarded-Proto: https
Connection: close
Sec-Ch-Ua: "Google Chrome";v="135", "Not-A.Brand";v="8", "Chromium";v="135"
Sec-Ch-Ua-Mobile: ?0
Sec-Ch-Ua-Platform: "macOS"
Upgrade-Insecure-Requests: 1
User-Agent: Mozilla/5.0 (Macintosh; Intel Mac OS X 10_15_7) AppleWebKit/537.36 (KHTML, like Gecko) Chrome/135.0.0.0 Safari/537.36
Accept: text/html,application/xhtml+xml,application/xml;q=0.9,image/avif,image/webp,image/apng,*/*;q=0.8,application/signed-exchange;v=b3;q=0.7
Sec-Fetch-Site: none
Sec-Fetch-Mode: navigate
Sec-Fetch-User: ?1
Sec-Fetch-Dest: document
Accept-Encoding: gzip, deflate, br, zstd
Accept-Language: en-US,en;q=0.9


2025-04-19 11:33:22,911 Body: b''
